ARM Linker, 5.03 [Build 76] [MDK-ARM Standard]

==============================================================================

Section Cross References

    main.o(i.EXTI_Configuration) refers to stm32f10x_gpio.o(i.GPIO_Init) for GPIO_Init
    main.o(i.EXTI_Configuration) refers to misc.o(i.NVIC_PriorityGroupConfig) for NVIC_PriorityGroupConfig
    main.o(i.EXTI_Configuration) refers to misc.o(i.NVIC_Init) for NVIC_Init
    main.o(i.EXTI_Configuration) refers to stm32f10x_gpio.o(i.GPIO_EXTILineConfig) for GPIO_EXTILineConfig
    main.o(i.EXTI_Configuration) refers to stm32f10x_exti.o(i.EXTI_Init) for EXTI_Init
    main.o(i.IWDG_Configuration) refers to stm32f10x_iwdg.o(i.IWDG_WriteAccessCmd) for IWDG_WriteAccessCmd
    main.o(i.IWDG_Configuration) refers to stm32f10x_iwdg.o(i.IWDG_SetPrescaler) for IWDG_SetPrescaler
    main.o(i.IWDG_Configuration) refers to stm32f10x_iwdg.o(i.IWDG_SetReload) for IWDG_SetReload
    main.o(i.IWDG_Configuration) refers to stm32f10x_iwdg.o(i.IWDG_ReloadCounter) for IWDG_ReloadCounter
    main.o(i.IWDG_Configuration) refers to stm32f10x_iwdg.o(i.IWDG_Enable) for IWDG_Enable
    main.o(i.NVIC_Configuration) refers to misc.o(i.NVIC_SetVectorTable) for NVIC_SetVectorTable
    main.o(i.RCC_Configuration) refers to stm32f10x_rcc.o(i.RCC_DeInit) for RCC_DeInit
    main.o(i.RCC_Configuration) refers to stm32f10x_rcc.o(i.RCC_HSEConfig) for RCC_HSEConfig
    main.o(i.RCC_Configuration) refers to stm32f10x_rcc.o(i.RCC_WaitForHSEStartUp) for RCC_WaitForHSEStartUp
    main.o(i.RCC_Configuration) refers to stm32f10x_rcc.o(i.RCC_HCLKConfig) for RCC_HCLKConfig
    main.o(i.RCC_Configuration) refers to stm32f10x_rcc.o(i.RCC_PCLK2Config) for RCC_PCLK2Config
    main.o(i.RCC_Configuration) refers to stm32f10x_rcc.o(i.RCC_PCLK1Config) for RCC_PCLK1Config
    main.o(i.RCC_Configuration) refers to stm32f10x_flash.o(i.FLASH_SetLatency) for FLASH_SetLatency
    main.o(i.RCC_Configuration) refers to stm32f10x_flash.o(i.FLASH_PrefetchBufferCmd) for FLASH_PrefetchBufferCmd
    main.o(i.RCC_Configuration) refers to stm32f10x_rcc.o(i.RCC_PLLConfig) for RCC_PLLConfig
    main.o(i.RCC_Configuration) refers to stm32f10x_rcc.o(i.RCC_PLLCmd) for RCC_PLLCmd
    main.o(i.RCC_Configuration) refers to stm32f10x_rcc.o(i.RCC_GetFlagStatus) for RCC_GetFlagStatus
    main.o(i.RCC_Configuration) refers to stm32f10x_rcc.o(i.RCC_SYSCLKConfig) for RCC_SYSCLKConfig
    main.o(i.RCC_Configuration) refers to stm32f10x_rcc.o(i.RCC_GetSYSCLKSource) for RCC_GetSYSCLKSource
    main.o(i.RCC_Configuration) refers to stm32f10x_rcc.o(i.RCC_APB2PeriphClockCmd) for RCC_APB2PeriphClockCmd
    main.o(i.RCC_Configuration) refers to hw_config.o(.data) for HSEStartUpStatus
    main.o(i.RTC_Configuration) refers to stm32f10x_pwr.o(i.PWR_BackupAccessCmd) for PWR_BackupAccessCmd
    main.o(i.RTC_Configuration) refers to stm32f10x_bkp.o(i.BKP_DeInit) for BKP_DeInit
    main.o(i.RTC_Configuration) refers to stm32f10x_rcc.o(i.RCC_LSICmd) for RCC_LSICmd
    main.o(i.RTC_Configuration) refers to stm32f10x_rcc.o(i.RCC_GetFlagStatus) for RCC_GetFlagStatus
    main.o(i.RTC_Configuration) refers to stm32f10x_rcc.o(i.RCC_RTCCLKConfig) for RCC_RTCCLKConfig
    main.o(i.RTC_Configuration) refers to stm32f10x_rcc.o(i.RCC_RTCCLKCmd) for RCC_RTCCLKCmd
    main.o(i.RTC_Configuration) refers to stm32f10x_rtc.o(i.RTC_WaitForSynchro) for RTC_WaitForSynchro
    main.o(i.RTC_Configuration) refers to stm32f10x_rtc.o(i.RTC_SetPrescaler) for RTC_SetPrescaler
    main.o(i.RTC_Configuration) refers to stm32f10x_rtc.o(i.RTC_WaitForLastTask) for RTC_WaitForLastTask
    main.o(i.RTC_Configuration) refers to stm32f10x_rtc.o(i.RTC_ITConfig) for RTC_ITConfig
    main.o(i.RTC_Configuration) refers to misc.o(i.NVIC_PriorityGroupConfig) for NVIC_PriorityGroupConfig
    main.o(i.RTC_Configuration) refers to misc.o(i.NVIC_Init) for NVIC_Init
    main.o(i.SYSCLKConfig_STOP) refers to stm32f10x_rcc.o(i.RCC_HSICmd) for RCC_HSICmd
    main.o(i.SYSCLKConfig_STOP) refers to stm32f10x_rcc.o(i.RCC_GetFlagStatus) for RCC_GetFlagStatus
    main.o(i.SYSCLKConfig_STOP) refers to stm32f10x_rcc.o(i.RCC_PLLCmd) for RCC_PLLCmd
    main.o(i.SYSCLKConfig_STOP) refers to stm32f10x_rcc.o(i.RCC_SYSCLKConfig) for RCC_SYSCLKConfig
    main.o(i.SYSCLKConfig_STOP) refers to stm32f10x_rcc.o(i.RCC_GetSYSCLKSource) for RCC_GetSYSCLKSource
    main.o(i.Trans_Mode_Switch) refers to usb_prop.o(i.Custom_Init) for Custom_Init
    main.o(i.Trans_Mode_Switch) refers to usb_init.o(i.USB_Init) for USB_Init
    main.o(i.Trans_Mode_Switch) refers to usb_prop_hid.o(i.Keyboard_hid_init) for Keyboard_hid_init
    main.o(i.Trans_Mode_Switch) refers to app.o(.bss) for ENC_KEY
    main.o(i.delay_init) refers to main.o(.data) for .data
    main.o(i.delay_ms) refers to main.o(.data) for .data
    main.o(i.delay_us) refers to main.o(.data) for .data
    main.o(i.main) refers to main.o(i.NVIC_Configuration) for NVIC_Configuration
    main.o(i.main) refers to app.o(i.ReadENCKEY) for ReadENCKEY
[...]
    i.delay_init                             0x0800bb78   Section        0  main.o(i.delay_init)
    i.delay_ms                               0x0800bba4   Section        0  main.o(i.delay_ms)
    i.des                                    0x0800bbcc   Section        0  des.o(i.des)
    i.f_fun                                  0x0800bdc0   Section        0  des.o(i.f_fun)
    i.fputc                                  0x0800be48   Section        0  dev_uart.o(i.fputc)
    i.getbit                                 0x0800be6c   Section        0  dev_msread.o(i.getbit)
    i.init_serial_boot                       0x0800be78   Section        0  app.o(i.init_serial_boot)
    i.main                                   0x0800be88   Section        0  main.o(i.main)
    i.send_frame                             0x0800bf8c   Section        0  app.o(i.send_frame)
    i.tri_des                                0x0800c8e0   Section        0  des.o(i.tri_des)
    i.xor                                    0x0800c90c   Section        0  des.o(i.xor)
    .constdata                               0x0800c924   Section     7208  aes.o(.constdata)
    Te0                                      0x0800c924   Data        1024  aes.o(.constdata)
    Te1                                      0x0800cd24   Data        1024  aes.o(.constdata)
    Te2                                      0x0800d124   Data        1024  aes.o(.constdata)
    Te3                                      0x0800d524   Data        1024  aes.o(.constdata)
    Te4                                      0x0800d924   Data        1024  aes.o(.constdata)
    Td3                                      0x0800dd24   Data        1024  aes.o(.constdata)
    Td4                                      0x0800e124   Data        1024  aes.o(.constdata)
    rcon                                     0x0800e524   Data          40  aes.o(.constdata)
    .constdata                               0x0800e54c   Section       28  app.o(.constdata)
    .constdata                               0x0800e568   Section       64  sha1.o(.constdata)
    padding                                  0x0800e568   Data          64  sha1.o(.constdata)
    .constdata                               0x0800e5a8   Section       18  usb_desc.o(.constdata)
    .constdata                               0x0800e5ba   Section       41  usb_desc.o(.constdata)
    .constdata                               0x0800e5e3   Section       55  usb_desc.o(.constdata)
    .constdata                               0x0800e61a   Section        4  usb_desc.o(.constdata)
    .constdata                               0x0800e61e   Section        8  usb_desc.o(.constdata)
    .constdata                               0x0800e626   Section       26  usb_desc.o(.constdata)
    .constdata                               0x0800e640   Section       18  usb_desc_hid.o(.constdata)
    .constdata                               0x0800e652   Section       41  usb_desc_hid.o(.constdata)
    .constdata                               0x0800e67b   Section       82  usb_desc_hid.o(.constdata)
    .constdata                               0x0800e6cd   Section        4  usb_desc_hid.o(.constdata)
    .constdata                               0x0800e6d1   Section        8  usb_desc_hid.o(.constdata)
    .constdata                               0x0800e6d9   Section       26  usb_desc_hid.o(.constdata)
    .constdata                               0x0800e6f3   Section       16  magdecode.o(.constdata)
    PARITY_TAB                               0x0800e6f3   Data          16  magdecode.o(.constdata)
    .data                                    0x20000000   Section        4  main.o(.data)
    fac_us                                   0x20000000   Data           1  main.o(.data)
    fac_ms                                   0x20000002   Data           2  main.o(.data)
    .data                                    0x20000004   Section     3072  aes.o(.data)
    .data                                    0x20000c04   Section       19  app.o(.data)
    .data                                    0x20000c17   Section      512  des.o(.data)
    .data                                    0x20000e17   Section        3  dukpt.o(.data)
    .data                                    0x20000e1a   Section        4  dev_uart.o(.data)
    .data                                    0x20000e20   Section       20  stm32f10x_it.o(.data)
    .data                                    0x20000e34   Section       22  usb_desc.o(.data)
    .data                                    0x20000e4c   Section      268  usb_endp.o(.data)
    Key_Table                                0x20000e58   Data         256  usb_endp.o(.data)
    .data                                    0x20000f58   Section        4  usb_istr.o(.data)
    .data                                    0x20000f5c   Section       28  usb_istr.o(.data)
    .data                                    0x20000f78   Section       28  usb_istr.o(.data)
    .data                                    0x20000f94   Section      156  usb_prop.o(.data)
    .data                                    0x20001030   Section        2  usb_prop.o(.data)
    .data                                    0x20001034   Section        4  usb_pwr.o(.data)
    .data                                    0x20001038   Section        1  usb_pwr.o(.data)
    .data                                    0x20001039   Section        2  usb_pwr.o(.data)
    .data                                    0x2000103c   Section        4  usb_core.o(.data)
    .data                                    0x20001040   Section        1  usb_init.o(.data)
    .data                                    0x20001044   Section       12  usb_init.o(.data)
    .data                                    0x20001050   Section        2  usb_init.o(.data)
    .data                                    0x20001052   Section        4  usb_int.o(.data)
    .data                                    0x20001056   Section       22  usb_desc_hid.o(.data)
    .data                                    0x2000106c   Section        1  usb_prop_hid.o(.data)
    .data                                    0x20001070   Section      148  usb_prop_hid.o(.data)
    .data                                    0x20001104   Section        1  magdecode.o(.data)
    .data                                    0x20001108   Section        4  rand.o(.data)
    _rand_state                              0x20001108   Data           4  rand.o(.data)
    .data                                    0x2000110c   Section        4  stdout.o(.data)
    .bss                                     0x20001110   Section       48  main.o(.bss)
    .bss                                     0x20001140   Section       36  main.o(.bss)
    .bss                                     0x20001164   Section      219  app.o(.bss)
    .bss                                     0x20001240   Section     2448  dev_msread.o(.bss)
    .bss                                     0x20001bd0   Section     1601  usb_endp.o(.bss)
    .bss                                     0x20002211   Section      183  usb_prop.o(.bss)
    .bss                                     0x200022c8   Section       28  usb_init.o(.bss)
    .bss                                     0x200022e4   Section       82  usb_prop_hid.o(.bss)
    .bss                                     0x20002336   Section     6723  magdecode.o(.bss)
    STACK                                    0x20003d80   Section     1024  startup_stm32f10x_md.o(STACK)

    Global Symbols

    Symbol Name                              Value     Ov Type        Size  Object(Section)

    BuildAttributes$$THM_ISAv4$P$D$K$B$S$PE$A:L22UL41UL21$X:L11$S22US41US21$IEEE1$IW$USESV6$~STKCKD$USESV7$~SHL$OTIME$ROPI$IEEEJ$EBA8$MICROLIB$REQ8$PRES8$EABIv2 0x00000000   Number         0  anon$$obj.o ABSOLUTE
    __ARM_use_no_argv                        0x00000000   Number         0  main.o ABSOLUTE
    _printf_a                                0x00000000   Number         0  stubs.o ABSOLUTE
    _printf_c                                0x00000000   Number         0  stubs.o ABSOLUTE
    _printf_charcount                        0x00000000   Number         0  stubs.o ABSOLUTE
    _printf_d                                0x00000000   Number         0  stubs.o ABSOLUTE
    _printf_e                                0x00000000   Number         0  stubs.o ABSOLUTE
    _printf_f                                0x00000000   Number         0  stubs.o ABSOLUTE
    _printf_flags                            0x00000000   Number         0  stubs.o ABSOLUTE
    _printf_fp_dec                           0x00000000   Number         0  stubs.o ABSOLUTE
    _printf_fp_hex                           0x00000000   Number         0  stubs.o ABSOLUTE
    _printf_g                                0x00000000   Number         0  stubs.o ABSOLUTE
    _printf_i                                0x00000000   Number         0  stubs.o ABSOLUTE
    _printf_int_dec                          0x00000000   Number         0  stubs.o ABSOLUTE
    _printf_l                                0x00000000   Number         0  stubs.o ABSOLUTE
    _printf_lc                               0x00000000   Number         0  stubs.o ABSOLUTE
    _printf_ll                               0x00000000   Number         0  stubs.o ABSOLUTE
    _printf_lld                              0x00000000   Number         0  stubs.o ABSOLUTE
    _printf_lli                              0x00000000   Number         0  stubs.o ABSOLUTE
    _printf_llo                              0x00000000   Number         0  stubs.o ABSOLUTE
    _printf_llu                              0x00000000   Number         0  stubs.o ABSOLUTE
    _printf_llx                              0x00000000   Number         0  stubs.o ABSOLUTE
    _printf_longlong_dec                     0x00000000   Number         0  stubs.o ABSOLUTE
    _printf_longlong_hex                     0x00000000   Number         0  stubs.o ABSOLUTE
    _printf_longlong_oct                     0x00000000   Number         0  stubs.o ABSOLUTE
    _printf_ls                               0x00000000   Number         0  stubs.o ABSOLUTE
    _printf_mbtowc                           0x00000000   Number         0  stubs.o ABSOLUTE
    _printf_n                                0x00000000   Number         0  stubs.o ABSOLUTE
    _printf_o                                0x00000000   Number         0  stubs.o ABSOLUTE
    _printf_p                                0x00000000   Number         0  stubs.o ABSOLUTE
    _printf_percent                          0x00000000   Number         0  stubs.o ABSOLUTE
    _printf_pre_padding                      0x00000000   Number         0  stubs.o ABSOLUTE
    _printf_return_value                     0x00000000   Number         0  stubs.o ABSOLUTE
    _printf_s                                0x00000000   Number         0  stubs.o ABSOLUTE
    _printf_sizespec                         0x00000000   Number         0  stubs.o ABSOLUTE
    _printf_str                              0x00000000   Number         0  stubs.o ABSOLUTE
    _printf_truncate_signed                  0x00000000   Number         0  stubs.o ABSOLUTE
    _printf_truncate_unsigned                0x00000000   Number         0  stubs.o ABSOLUTE
    _printf_u                                0x00000000   Number         0  stubs.o ABSOLUTE
    _printf_wc                               0x00000000   Number         0  stubs.o ABSOLUTE
    _printf_wctomb                           0x00000000   Number         0  stubs.o ABSOLUTE
    _printf_widthprec                        0x00000000   Number         0  stubs.o ABSOLUTE
    _printf_x                                0x00000000   Number         0  stubs.o ABSOLUTE
    __cpp_initialize__aeabi_                  - Undefined Weak Reference
    __cxa_finalize                            - Undefined Weak Reference
    _clock_init                               - Undefined Weak Reference
    _microlib_exit                            - Undefined Weak Reference
    __Vectors_Size                           0x000000ec   Number         0  startup_stm32f10x_md.o ABSOLUTE
    __Vectors                                0x08003400   Data           4  startup_stm32f10x_md.o(RESET)
    __Vectors_End                            0x080034ec   Data           0  startup_stm32f10x_md.o(RESET)
    __main                                   0x080034ed   Thumb Code     0  entry.o(.ARM.Collect$$$$00000000)
    _main_stk                                0x080034ed   Thumb Code     0  entry2.o(.ARM.Collect$$$$00000001)
    _main_scatterload                        0x080034f1   Thumb Code     0  entry5.o(.ARM.Collect$$$$00000004)
    __main_after_scatterload                 0x080034f5   Thumb Code     0  entry5.o(.ARM.Collect$$$$00000004)
    _main_clock                              0x080034f5   Thumb Code     0  entry7b.o(.ARM.Collect$$$$00000008)
    _main_cpp_init                           0x080034f5   Thumb Code     0  entry8b.o(.ARM.Collect$$$$0000000A)
    _main_init                               0x080034f5   Thumb Code     0  entry9a.o(.ARM.Collect$$$$0000000B)
    __rt_final_cpp                           0x080034fd   Thumb Code     0  entry10a.o(.ARM.Collect$$$$0000000D)
    __rt_final_exit                          0x080034fd   Thumb Code     0  entry11a.o(.ARM.Collect$$$$0000000F)
    Reset_Handler                            0x08003501   Thumb Code     8  startup_stm32f10x_md.o(.text)
    ADC1_2_IRQHandler                        0x0800351b   Thumb Code     0  startup_stm32f10x_md.o(.text)
    CAN1_RX1_IRQHandler                      0x0800351b   Thumb Code     0  startup_stm32f10x_md.o(.text)
    CAN1_SCE_IRQHandler                      0x0800351b   Thumb Code     0  startup_stm32f10x_md.o(.text)
    DMA1_Channel1_IRQHandler                 0x0800351b   Thumb Code     0  startup_stm32f10x_md.o(.text)
    DMA1_Channel2_IRQHandler                 0x0800351b   Thumb Code     0  startup_stm32f10x_md.o(.text)
    DMA1_Channel3_IRQHandler                 0x0800351b   Thumb Code     0  startup_stm32f10x_md.o(.text)
    DMA1_Channel4_IRQHandler                 0x0800351b   Thumb Code     0  startup_stm32f10x_md.o(.text)
    DMA1_Channel5_IRQHandler                 0x0800351b   Thumb Code     0  startup_stm32f10x_md.o(.text)
    DMA1_Channel6_IRQHandler                 0x0800351b   Thumb Code     0  startup_stm32f10x_md.o(.text)
    DMA1_Channel7_IRQHandler                 0x0800351b   Thumb Code     0  startup_stm32f10x_md.o(.text)
    EXTI15_10_IRQHandler                     0x0800351b   Thumb Code     0  startup_stm32f10x_md.o(.text)
    EXTI3_IRQHandler                         0x0800351b   Thumb Code     0  startup_stm32f10x_md.o(.text)
    EXTI4_IRQHandler                         0x0800351b   Thumb Code     0  startup_stm32f10x_md.o(.text)
    FLASH_IRQHandler                         0x0800351b   Thumb Code     0  startup_stm32f10x_md.o(.text)
    I2C1_ER_IRQHandler                       0x0800351b   Thumb Code     0  startup_stm32f10x_md.o(.text)
    I2C1_EV_IRQHandler                       0x0800351b   Thumb Code     0  startup_stm32f10x_md.o(.text)
    I2C2_ER_IRQHandler                       0x0800351b   Thumb Code     0  startup_stm32f10x_md.o(.text)
    I2C2_EV_IRQHandler                       0x0800351b   Thumb Code     0  startup_stm32f10x_md.o(.text)
    PVD_IRQHandler                           0x0800351b   Thumb Code     0  startup_stm32f10x_md.o(.text)
    RCC_IRQHandler                           0x0800351b   Thumb Code     0  startup_stm32f10x_md.o(.text)
    RTC_IRQHandler                           0x0800351b   Thumb Code     0  startup_stm32f10x_md.o(.text)
    SPI1_IRQHandler                          0x0800351b   Thumb Code     0  startup_stm32f10x_md.o(.text)
    SPI2_IRQHandler                          0x0800351b   Thumb Code     0  startup_stm32f10x_md.o(.text)
    TAMPER_IRQHandler                        0x0800351b   Thumb Code     0  startup_stm32f10x_md.o(.text)
    TIM1_BRK_IRQHandler                      0x0800351b   Thumb Code     0  startup_stm32f10x_md.o(.text)
    TIM1_CC_IRQHandler                       0x0800351b   Thumb Code     0  startup_stm32f10x_md.o(.text)
    TIM1_TRG_COM_IRQHandler                  0x0800351b   Thumb Code     0  startup_stm32f10x_md.o(.text)
    TIM1_UP_IRQHandler                       0x0800351b   Thumb Code     0  startup_stm32f10x_md.o(.text)
    TIM2_IRQHandler                          0x0800351b   Thumb Code     0  startup_stm32f10x_md.o(.text)
    TIM4_IRQHandler                          0x0800351b   Thumb Code     0  startup_stm32f10x_md.o(.text)
    USART2_IRQHandler                        0x0800351b   Thumb Code     0  startup_stm32f10x_md.o(.text)
    USART3_IRQHandler                        0x0800351b   Thumb Code     0  startup_stm32f10x_md.o(.text)
    USBWakeUp_IRQHandler                     0x0800351b   Thumb Code     0  startup_stm32f10x_md.o(.text)
    USB_HP_CAN1_TX_IRQHandler                0x0800351b   Thumb Code     0  startup_stm32f10x_md.o(.text)
    WWDG_IRQHandler                          0x0800351b   Thumb Code     0  startup_stm32f10x_md.o(.text)
    DecodeTimeToBit                          0x080036a5   Thumb Code  1092  magdecode.o(.text)
    DecodeTrackData                          0x08003ae9   Thumb Code  2688  magdecode.o(.text)
    InitMagDecode                            0x08004569   Thumb Code    68  magdecode.o(.text)
    MagDecodeTrack                           0x080045ad   Thumb Code   104  magdecode.o(.text)
    MSR_Check_Sync_Pattern                   0x08004615   Thumb Code     8  magdecode.o(.text)
    FlushBuffer_Init                         0x0800461d   Thumb Code    12  magdecode.o(.text)
    SetF2FInputBuffer                        0x08004629   Thumb Code    96  magdecode.o(.text)
    MSR_F2F_Decoder                          0x08004689   Thumb Code     2  magdecode.o(.text)
    MSR_Character_Decoder                    0x0800468b   Thumb Code    52  magdecode.o(.text)
    GetMSR_CardDataForUART                   0x080046bf   Thumb Code   156  magdecode.o(.text)
    MSR_WaitForReady                         0x0800475b   Thumb Code     8  magdecode.o(.text)
    MSR_GetCharacterDataOn                   0x08004763   Thumb Code   368  magdecode.o(.text)
    rand                                     0x08004911   Thumb Code    20  rand.o(.text)
    srand                                    0x08004925   Thumb Code     6  rand.o(.text)
    __aeabi_memcpy                           0x08004935   Thumb Code    36  memcpya.o(.text)
    __aeabi_memcpy4                          0x08004935   Thumb Code     0  memcpya.o(.text)
    __aeabi_memcpy8                          0x08004935   Thumb Code     0  memcpya.o(.text)
    __aeabi_memset                           0x08004959   Thumb Code    14  memseta.o(.text)
    __aeabi_memset4                          0x08004959   Thumb Code     0  memseta.o(.text)
    __aeabi_memset8                          0x08004959   Thumb Code     0  memseta.o(.text)
    __aeabi_memclr                           0x08004967   Thumb Code     4  memseta.o(.text)
    __aeabi_memclr4                          0x08004967   Thumb Code     0  memseta.o(.text)
    __aeabi_memclr8                          0x08004967   Thumb Code     0  memseta.o(.text)
    _memset$wrapper                          0x0800496b   Thumb Code    18  memseta.o(.text)
    strlen                                   0x0800497d   Thumb Code    14  strlen.o(.text)
    memcmp                                   0x0800498b   Thumb Code    26  memcmp.o(.text)
    __ARM_scalbn                             0x080049a5   Thumb Code    46  dscalb.o(.text)
    scalbn                                   0x080049a5   Thumb Code     0  dscalb.o(.text)
    __aeabi_i2d                              0x080049d3   Thumb Code    34  dflti.o(.text)
    __aeabi_ui2d                             0x080049f5   Thumb Code    26  dfltui.o(.text)
    __aeabi_d2uiz                            0x08004a0f   Thumb Code    50  dfixui.o(.text)
    __aeabi_uidiv                            0x08004a41   Thumb Code     0  uidiv.o(.text)
    __aeabi_uidivmod                         0x08004a41   Thumb Code    44  uidiv.o(.text)
    __aeabi_uldivmod                         0x08004a6d   Thumb Code    98  uldiv.o(.text)
    __aeabi_llsr                             0x08004acf   Thumb Code    32  llushr.o(.text)
    _ll_ushift_r                             0x08004acf   Thumb Code     0  llushr.o(.text)
    __I$use$fp                               0x08004aef   Thumb Code     0  iusefp.o(.text)
    _double_round                            0x08004aef   Thumb Code    26  depilogue.o(.text)
    _double_epilogue                         0x08004b09   Thumb Code   164  depilogue.o(.text)
    __aeabi_dadd                             0x08004bad   Thumb Code   322  dadd.o(.text)
    __aeabi_dsub                             0x08004cef   Thumb Code     6  dadd.o(.text)
    __aeabi_drsub                            0x08004cf5   Thumb Code     6  dadd.o(.text)
    __aeabi_dmul                             0x08004cfb   Thumb Code   228  dmul.o(.text)
    __aeabi_ddiv                             0x08004ddf   Thumb Code   222  ddiv.o(.text)
    __aeabi_d2ulz                            0x08004ebd   Thumb Code    48  dfixul.o(.text)
    __aeabi_cdrcmple                         0x08004eed   Thumb Code    38  cdrcmple.o(.text)
    __scatterload                            0x08004f15   Thumb Code    28  init.o(.text)
    __scatterload_rt2                        0x08004f15   Thumb Code     0  init.o(.text)
    __aeabi_llsl                             0x08004f39   Thumb Code    30  llshl.o(.text)
    _ll_shift_l                              0x08004f39   Thumb Code     0  llshl.o(.text)
    __aeabi_lasr                             0x08004f57   Thumb Code    36  llsshr.o(.text)
    _ll_sshift_r                             0x08004f57   Thumb Code     0  llsshr.o(.text)
    __decompress                             0x08004f7b   Thumb Code     0  __dclz77c.o(.text)
    __decompress2                            0x08004f7b   Thumb Code    96  __dclz77c.o(.text)
    AES_cbc_encrypt                          0x08004fdb   Thumb Code   242  aes.o(i.AES_cbc_encrypt)
    AES_decrypt                              0x080050cd   Thumb Code   786  aes.o(i.AES_decrypt)
    AES_encrypt                              0x080053f5   Thumb Code   788  aes.o(i.AES_encrypt)
    AES_set_decrypt_key                      0x08005719   Thumb Code   378  aes.o(i.AES_set_decrypt_key)
    AES_set_encrypt_key                      0x0800589d   Thumb Code   636  aes.o(i.AES_set_encrypt_key)
    BusFault_Handler                         0x08005b1d   Thumb Code     2  stm32f10x_it.o(i.BusFault_Handler)
    ByteSwap                                 0x08005b1f   Thumb Code    10  usb_regs.o(i.ByteSwap)
    CTR_LP                                   0x08005b29   Thumb Code   310  usb_int.o(i.CTR_LP)
    CalcCryptoKey                            0x08005c79   Thumb Code    84  app.o(i.CalcCryptoKey)
    CalcXOR                                  0x08005cd5   Thumb Code    20  app.o(i.CalcXOR)
    CalcXOR_none                             0x08005ce9   Thumb Code    20  app.o(i.CalcXOR_none)
    CheckSum8                                0x08005cfd   Thumb Code    28  app.o(i.CheckSum8)
    ClearDTOG_RX                             0x08005d19   Thumb Code    30  usb_regs.o(i.ClearDTOG_RX)
    ClearDTOG_TX                             0x08005d3d   Thumb Code    30  usb_regs.o(i.ClearDTOG_TX)
    Clear_Status_Out                         0x08005d61   Thumb Code    24  usb_regs.o(i.Clear_Status_Out)
    CustomHID_Data_Setup                     0x08005d7d   Thumb Code   270  usb_prop.o(i.CustomHID_Data_Setup)
    CustomHID_GetConfigDescriptor            0x08005ead   Thumb Code     6  usb_prop.o(i.CustomHID_GetConfigDescriptor)
    CustomHID_GetDeviceDescriptor            0x08005eb9   Thumb Code     6  usb_prop.o(i.CustomHID_GetDeviceDescriptor)
    CustomHID_GetHIDDescriptor               0x08005ec5   Thumb Code     6  usb_prop.o(i.CustomHID_GetHIDDescriptor)
    CustomHID_GetProtocolValue               0x08005ed1   Thumb Code    18  usb_prop.o(i.CustomHID_GetProtocolValue)
    CustomHID_GetReportDescriptor            0x08005eed   Thumb Code     6  usb_prop.o(i.CustomHID_GetReportDescriptor)
    CustomHID_GetStringDescriptor            0x08005ef9   Thumb Code    24  usb_prop.o(i.CustomHID_GetStringDescriptor)
    CustomHID_Get_Interface_Setting          0x08005f19   Thumb Code    10  usb_prop.o(i.CustomHID_Get_Interface_Setting)
    CustomHID_NoData_Setup                   0x08005f25   Thumb Code    34  usb_prop.o(i.CustomHID_NoData_Setup)
    CustomHID_Reset                          0x08005f4d   Thumb Code   162  usb_prop.o(i.CustomHID_Reset)
    CustomHID_SetConfiguration               0x08006001   Thumb Code    18  usb_prop.o(i.CustomHID_SetConfiguration)
    CustomHID_SetDeviceAddress               0x0800601d   Thumb Code     8  usb_prop.o(i.CustomHID_SetDeviceAddress)
    CustomHID_SetProtocol                    0x08006029   Thumb Code    14  usb_prop.o(i.CustomHID_SetProtocol)
    CustomHID_Status_In                      0x08006041   Thumb Code     8  usb_prop.o(i.CustomHID_Status_In)
    CustomHID_Status_Out                     0x0800604d   Thumb Code     8  usb_prop.o(i.CustomHID_Status_Out)
    CustomHID_init                           0x08006059   Thumb Code    28  usb_prop.o(i.CustomHID_init)
    Custom_Data_Send                         0x0800607d   Thumb Code   104  usb_endp.o(i.Custom_Data_Send)
    Custom_Init                              0x080060f1   Thumb Code    28  usb_prop.o(i.Custom_Init)
    DataSend_USBHID                          0x08006119   Thumb Code    64  usb_endp.o(i.DataSend_USBHID)
    DealRxData                               0x08006455   Thumb Code  2410  app.o(i.DealRxData)
    DealSerialParse                          0x08006dc5   Thumb Code   174  app.o(i.DealSerialParse)
    DebugMon_Handler                         0x08006e7d   Thumb Code     2  stm32f10x_it.o(i.DebugMon_Handler)
    Default_Settings                         0x08006e81   Thumb Code   392  app.o(i.Default_Settings)
    DeleteChars                              0x08007059   Thumb Code    64  dev_msread.o(i.DeleteChars)
    DoFirstChange                            0x08007099   Thumb Code    90  des.o(i.DoFirstChange)
    DoKey                                    0x080070f3   Thumb Code   116  des.o(i.DoKey)
    DoLeft                                   0x08007167   Thumb Code    58  des.o(i.DoLeft)
    DoRight                                  0x080071a1   Thumb Code    72  des.o(i.DoRight)
    Dukpt_KeyManagement                      0x080071e9   Thumb Code    22  app.o(i.Dukpt_KeyManagement)
    EXTI0_IRQHandler                         0x08007205   Thumb Code   100  stm32f10x_it.o(i.EXTI0_IRQHandler)
    EXTI1_IRQHandler                         0x08007271   Thumb Code   104  stm32f10x_it.o(i.EXTI1_IRQHandler)
    EXTI2_IRQHandler                         0x080072e1   Thumb Code    56  stm32f10x_it.o(i.EXTI2_IRQHandler)
    EXTI9_5_IRQHandler                       0x08007321   Thumb Code   102  stm32f10x_it.o(i.EXTI9_5_IRQHandler)
    EXTI_ClearITPendingBit                   0x08007391   Thumb Code     6  stm32f10x_exti.o(i.EXTI_ClearITPendingBit)
    EXTI_Configuration                       0x0800739d   Thumb Code   352  main.o(i.EXTI_Configuration)
    EXTI_GetITStatus                         0x08007505   Thumb Code    28  stm32f10x_exti.o(i.EXTI_GetITStatus)
    EXTI_Init                                0x08007525   Thumb Code   108  stm32f10x_exti.o(i.EXTI_Init)
    E_expand                                 0x08007595   Thumb Code   148  des.o(i.E_expand)
    EarseBlockFlash                          0x08007629   Thumb Code    52  dev_eprom.o(i.EarseBlockFlash)
    Enter_LowPowerMode                       0x0800765d   Thumb Code     8  hw_config.o(i.Enter_LowPowerMode)
    FLASH_ErasePage                          0x08007669   Thumb Code    56  stm32f10x_flash.o(i.FLASH_ErasePage)
    FLASH_GetBank1Status                     0x080076a5   Thumb Code    34  stm32f10x_flash.o(i.FLASH_GetBank1Status)
    FLASH_Lock                               0x080076cd   Thumb Code    12  stm32f10x_flash.o(i.FLASH_Lock)
    FLASH_ProgramWord                        0x080076dd   Thumb Code    76  stm32f10x_flash.o(i.FLASH_ProgramWord)
    FLASH_Unlock                             0x0800772d   Thumb Code    12  stm32f10x_flash.o(i.FLASH_Unlock)
    FLASH_WaitForLastOperation               0x08007745   Thumb Code    36  stm32f10x_flash.o(i.FLASH_WaitForLastOperation)
    Find_S                                   0x08007769   Thumb Code   144  des.o(i.Find_S)
    GPIO_EXTILineConfig                      0x080077fd   Thumb Code    34  stm32f10x_gpio.o(i.GPIO_EXTILineConfig)
    GPIO_Init                                0x08007825   Thumb Code   158  stm32f10x_gpio.o(i.GPIO_Init)
    GPIO_ReadInputDataBit                    0x080078c3   Thumb Code    14  stm32f10x_gpio.o(i.GPIO_ReadInputDataBit)
    GPIO_ResetBits                           0x080078d1   Thumb Code     4  stm32f10x_gpio.o(i.GPIO_ResetBits)
    GPIO_SetBits                             0x080078d5   Thumb Code     4  stm32f10x_gpio.o(i.GPIO_SetBits)
    GetEPRxAddr                              0x080078d9   Thumb Code    22  usb_regs.o(i.GetEPRxAddr)
    GetEPTxAddr                              0x080078f9   Thumb Code    20  usb_regs.o(i.GetEPTxAddr)
    GetNextKSN                               0x08007915   Thumb Code   128  app.o(i.GetNextKSN)
    GetXORKey                                0x0800799d   Thumb Code    24  utilities.o(i.GetXORKey)
    Get_SerialNum                            0x080079b5   Thumb Code    44  hw_config.o(i.Get_SerialNum)
    HardFault_Handler                        0x080079e9   Thumb Code     2  stm32f10x_it.o(i.HardFault_Handler)
    IDT_CalcLRC                              0x080079ed   Thumb Code    32  dukpt.o(i.IDT_CalcLRC)
    IDT_ChangeCounter                        0x08007a11   Thumb Code    44  dukpt.o(i.IDT_ChangeCounter)
    IDT_EncryptPIN                           0x08007a3d   Thumb Code   320  dukpt.o(i.IDT_EncryptPIN)
    IDT_GenNewKeys                           0x08007b89   Thumb Code   118  dukpt.o(i.IDT_GenNewKeys)
    IDT_GetNumOfOnes                         0x08007c09   Thumb Code    26  dukpt.o(i.IDT_GetNumOfOnes)
    IDT_GetSetBitPos                         0x08007c23   Thumb Code    22  dukpt.o(i.IDT_GetSetBitPos)
    IDT_InitCryptoReg                        0x08007c39   Thumb Code    66  dukpt.o(i.IDT_InitCryptoReg)
    IDT_LoadInitKey                          0x08007c7d   Thumb Code   140  dukpt.o(i.IDT_LoadInitKey)
    IDT_NonReversibleKeyGen                  0x08007d15   Thumb Code   118  dukpt.o(i.IDT_NonReversibleKeyGen)
    IDT_PropogateKeys                        0x08007d9d   Thumb Code   186  dukpt.o(i.IDT_PropogateKeys)
    IDT_SetBit                               0x08007e65   Thumb Code    12  dukpt.o(i.IDT_SetBit)
    IDT_UpdateKSN                            0x08007e71   Thumb Code    22  dukpt.o(i.IDT_UpdateKSN)
    IWDG_Configuration                       0x08007e87   Thumb Code    36  main.o(i.IWDG_Configuration)
    IWDG_Enable                              0x08007ead   Thumb Code    10  stm32f10x_iwdg.o(i.IWDG_Enable)
    IWDG_ReloadCounter                       0x08007ebd   Thumb Code    10  stm32f10x_iwdg.o(i.IWDG_ReloadCounter)
    IWDG_SetPrescaler                        0x08007ecd   Thumb Code     6  stm32f10x_iwdg.o(i.IWDG_SetPrescaler)
    IWDG_SetReload                           0x08007ed9   Thumb Code     6  stm32f10x_iwdg.o(i.IWDG_SetReload)
    IWDG_WriteAccessCmd                      0x08007ee5   Thumb Code     6  stm32f10x_iwdg.o(i.IWDG_WriteAccessCmd)
    In0_Process                              0x08007ef1   Thumb Code    80  usb_core.o(i.In0_Process)
    Keyboard_Data_Setup                      0x08007f85   Thumb Code   260  usb_prop_hid.o(i.Keyboard_Data_Setup)
    Keyboard_GetConfigDescriptor             0x080080b1   Thumb Code     6  usb_prop_hid.o(i.Keyboard_GetConfigDescriptor)
    Keyboard_GetDeviceDescriptor             0x080080bd   Thumb Code     6  usb_prop_hid.o(i.Keyboard_GetDeviceDescriptor)
    Keyboard_GetHIDDescriptor                0x080080c9   Thumb Code     6  usb_prop_hid.o(i.Keyboard_GetHIDDescriptor)
    Keyboard_GetProtocolValue                0x080080d5   Thumb Code    18  usb_prop_hid.o(i.Keyboard_GetProtocolValue)
    Keyboard_GetReportDescriptor             0x080080f1   Thumb Code     6  usb_prop_hid.o(i.Keyboard_GetReportDescriptor)
    Keyboard_GetStringDescriptor             0x080080fd   Thumb Code    24  usb_prop_hid.o(i.Keyboard_GetStringDescriptor)
    Keyboard_Get_Interface_Setting           0x0800811d   Thumb Code    10  usb_prop_hid.o(i.Keyboard_Get_Interface_Setting)
    Keyboard_NoData_Setup                    0x08008129   Thumb Code    34  usb_prop_hid.o(i.Keyboard_NoData_Setup)
    Keyboard_Reset                           0x08008151   Thumb Code   140  usb_prop_hid.o(i.Keyboard_Reset)
    Keyboard_Send                            0x080081ed   Thumb Code    96  usb_endp.o(i.Keyboard_Send)
    Keyboard_SetConfiguration                0x08008251   Thumb Code    16  usb_prop_hid.o(i.Keyboard_SetConfiguration)
    Keyboard_SetDeviceAddress                0x08008269   Thumb Code     8  usb_prop_hid.o(i.Keyboard_SetDeviceAddress)
    Keyboard_SetProtocol                     0x08008275   Thumb Code    14  usb_prop_hid.o(i.Keyboard_SetProtocol)
    Keyboard_Status_In                       0x0800828d   Thumb Code     2  usb_prop_hid.o(i.Keyboard_Status_In)
    Keyboard_Status_Out                      0x0800828f   Thumb Code     2  usb_prop_hid.o(i.Keyboard_Status_Out)
    Keyboard_hid_init                        0x08008291   Thumb Code    28  usb_prop_hid.o(i.Keyboard_hid_init)
    Keyboard_init                            0x080082b9   Thumb Code    42  usb_prop_hid.o(i.Keyboard_init)
    Leave_LowPowerMode                       0x080082f5   Thumb Code    18  hw_config.o(i.Leave_LowPowerMode)
    MSR_SendData                             0x08008311   Thumb Code  3702  dev_msread.o(i.MSR_SendData)
    MemManage_Handler                        0x0800919d   Thumb Code     2  stm32f10x_it.o(i.MemManage_Handler)
    My_Data_Request                          0x080091a1   Thumb Code    18  usb_prop_hid.o(i.My_Data_Request)
    NMI_Handler                              0x080091bd   Thumb Code     2  stm32f10x_it.o(i.NMI_Handler)
    NOP_Process                              0x080091bf   Thumb Code     2  usb_core.o(i.NOP_Process)
    NVIC_Configuration                       0x080091c1   Thumb Code    12  main.o(i.NVIC_Configuration)
    NVIC_Init                                0x080091cd   Thumb Code    90  misc.o(i.NVIC_Init)
    NVIC_PriorityGroupConfig                 0x08009231   Thumb Code    10  misc.o(i.NVIC_PriorityGroupConfig)
    NVIC_SetVectorTable                      0x08009245   Thumb Code    12  misc.o(i.NVIC_SetVectorTable)
    Out0_Process                             0x0800934d   Thumb Code    62  usb_core.o(i.Out0_Process)
    PMAToUserBufferCopy                      0x08009395   Thumb Code    26  usb_mem.o(i.PMAToUserBufferCopy)
    PWR_ClearFlag                            0x080093b5   Thumb Code    12  stm32f10x_pwr.o(i.PWR_ClearFlag)
    PWR_GetFlagStatus                        0x080093c5   Thumb Code    16  stm32f10x_pwr.o(i.PWR_GetFlagStatus)
    P_chang                                  0x080093d9   Thumb Code   274  des.o(i.P_chang)
    PendSV_Handler                           0x080094eb   Thumb Code     2  stm32f10x_it.o(i.PendSV_Handler)
    Post0_Process                            0x080094ed   Thumb Code    52  usb_core.o(i.Post0_Process)
    PowerOn                                  0x08009531   Thumb Code    36  usb_pwr.o(i.PowerOn)
    RCC_APB1PeriphClockCmd                   0x0800955d   Thumb Code    18  stm32f10x_rcc.o(i.RCC_APB1PeriphClockCmd)
    RCC_APB2PeriphClockCmd                   0x08009575   Thumb Code    18  stm32f10x_rcc.o(i.RCC_APB2PeriphClockCmd)
    RCC_USBCLKConfig                         0x0800958d   Thumb Code     6  stm32f10x_rcc.o(i.RCC_USBCLKConfig)
    RTCAlarm_IRQHandler                      0x08009599   Thumb Code    54  stm32f10x_it.o(i.RTCAlarm_IRQHandler)
    RTC_ClearITPendingBit                    0x080095d1   Thumb Code    10  stm32f10x_rtc.o(i.RTC_ClearITPendingBit)
    RTC_GetITStatus                          0x080095e1   Thumb Code    28  stm32f10x_rtc.o(i.RTC_GetITStatus)
    RTC_WaitForLastTask                      0x08009601   Thumb Code    10  stm32f10x_rtc.o(i.RTC_WaitForLastTask)
    ReadBlockFlash                           0x08009611   Thumb Code    38  dev_eprom.o(i.ReadBlockFlash)
    ReadENCKEY                               0x08009639   Thumb Code   112  app.o(i.ReadENCKEY)
    Resume                                   0x080096b5   Thumb Code   116  usb_pwr.o(i.Resume)
    Resume_Init                              0x08009731   Thumb Code    26  usb_pwr.o(i.Resume_Init)
    Revice_IDTdata                           0x08009751   Thumb Code   102  usb_endp.o(i.Revice_IDTdata)
    SHA1Final                                0x080097c1   Thumb Code   118  sha1.o(i.SHA1Final)
    SHA1Init                                 0x0800a1e5   Thumb Code    36  sha1.o(i.SHA1Init)
    SHA1Update                               0x0800a215   Thumb Code   116  sha1.o(i.SHA1Update)
    SVC_Handler                              0x0800a289   Thumb Code     2  stm32f10x_it.o(i.SVC_Handler)
    SetBTABLE                                0x0800a28d   Thumb Code    10  usb_regs.o(i.SetBTABLE)
    SetDeviceAddress                         0x0800a29d   Thumb Code    56  usb_core.o(i.SetDeviceAddress)
    SetEPRxAddr                              0x0800a2dd   Thumb Code    24  usb_regs.o(i.SetEPRxAddr)
    SetEPRxCount                             0x0800a2fd   Thumb Code    54  usb_regs.o(i.SetEPRxCount)
    SetEPRxStatus                            0x0800a33d   Thumb Code    42  usb_regs.o(i.SetEPRxStatus)
    SetEPRxValid                             0x0800a36d   Thumb Code    28  usb_regs.o(i.SetEPRxValid)
    SetEPTxAddr                              0x0800a38d   Thumb Code    22  usb_regs.o(i.SetEPTxAddr)
    SetEPTxCount                             0x0800a3ad   Thumb Code    20  usb_regs.o(i.SetEPTxCount)
    SetEPTxStatus                            0x0800a3c9   Thumb Code    42  usb_regs.o(i.SetEPTxStatus)
    SetEPTxValid                             0x0800a3f9   Thumb Code    28  usb_regs.o(i.SetEPTxValid)
    SetEPType                                0x0800a419   Thumb Code    20  usb_regs.o(i.SetEPType)
    SetKey                                   0x0800a431   Thumb Code   508  des.o(i.SetKey)
    Set_USBClock                             0x0800a6d5   Thumb Code    20  hw_config.o(i.Set_USBClock)
    Setup0_Process                           0x0800a6e9   Thumb Code    92  usb_core.o(i.Setup0_Process)
    Standard_ClearFeature                    0x0800a751   Thumb Code   214  usb_core.o(i.Standard_ClearFeature)
    Standard_GetConfiguration                0x0800a83d   Thumb Code    30  usb_core.o(i.Standard_GetConfiguration)
    Standard_GetDescriptorData               0x0800a865   Thumb Code    24  usb_core.o(i.Standard_GetDescriptorData)
    Standard_GetInterface                    0x0800a881   Thumb Code    30  usb_core.o(i.Standard_GetInterface)
    Standard_GetStatus                       0x0800a8a9   Thumb Code   128  usb_core.o(i.Standard_GetStatus)
    Standard_SetConfiguration                0x0800a939   Thumb Code    42  usb_core.o(i.Standard_SetConfiguration)
    Standard_SetDeviceFeature                0x0800a971   Thumb Code    26  usb_core.o(i.Standard_SetDeviceFeature)
    Standard_SetEndPointFeature              0x0800a995   Thumb Code   112  usb_core.o(i.Standard_SetEndPointFeature)
    Standard_SetInterface                    0x0800aa15   Thumb Code    60  usb_core.o(i.Standard_SetInterface)
    Suspend                                  0x0800aa5d   Thumb Code    26  usb_pwr.o(i.Suspend)
    SysTick_Handler                          0x0800aa7d   Thumb Code    16  stm32f10x_it.o(i.SysTick_Handler)
    SystemInit                               0x0800aa91   Thumb Code    62  system_stm32f10x.o(i.SystemInit)
    TIM2_Cap_Init                            0x0800aae5   Thumb Code    72  dev_timer.o(i.TIM2_Cap_Init)
    TIM3_Cnt_Init                            0x0800ab2d   Thumb Code   108  dev_timer.o(i.TIM3_Cnt_Init)
    TIM3_IRQHandler                          0x0800ab9d   Thumb Code    42  stm32f10x_it.o(i.TIM3_IRQHandler)
    TIM_ClearFlag                            0x0800abcd   Thumb Code     6  stm32f10x_tim.o(i.TIM_ClearFlag)
    TIM_ClearITPendingBit                    0x0800abd3   Thumb Code     6  stm32f10x_tim.o(i.TIM_ClearITPendingBit)
    TIM_Cmd                                  0x0800abd9   Thumb Code    20  stm32f10x_tim.o(i.TIM_Cmd)
    TIM_GetITStatus                          0x0800abed   Thumb Code    24  stm32f10x_tim.o(i.TIM_GetITStatus)
    TIM_ITConfig                             0x0800ac05   Thumb Code    16  stm32f10x_tim.o(i.TIM_ITConfig)
    TIM_TimeBaseInit                         0x0800ac15   Thumb Code   114  stm32f10x_tim.o(i.TIM_TimeBaseInit)
    Trans_Mode_Switch                        0x0800acb1   Thumb Code    36  main.o(i.Trans_Mode_Switch)
    USART1_IRQHandler                        0x0800acd9   Thumb Code   158  stm32f10x_it.o(i.USART1_IRQHandler)
    USART_GetFlagStatus                      0x0800ad91   Thumb Code    14  stm32f10x_usart.o(i.USART_GetFlagStatus)
    USART_SendData                           0x0800ad9f   Thumb Code     8  stm32f10x_usart.o(i.USART_SendData)
    USB_Cable_Config                         0x0800ada9   Thumb Code    62  hw_config.o(i.USB_Cable_Config)
    USB_Init                                 0x0800aded   Thumb Code    22  usb_init.o(i.USB_Init)
    USB_Interrupts_Config                    0x0800ae15   Thumb Code    60  hw_config.o(i.USB_Interrupts_Config)
    USB_Istr                                 0x0800ae51   Thumb Code   194  usb_istr.o(i.USB_Istr)
    USB_LP_CAN1_RX0_IRQHandler               0x0800af29   Thumb Code     4  stm32f10x_it.o(i.USB_LP_CAN1_RX0_IRQHandler)
    USB_SIL_Init                             0x0800af2d   Thumb Code    24  usb_sil.o(i.USB_SIL_Init)
    USB_SIL_Write                            0x0800af4d   Thumb Code    38  usb_sil.o(i.USB_SIL_Write)
    UsageFault_Handler                       0x0800af73   Thumb Code     2  stm32f10x_it.o(i.UsageFault_Handler)
    UsbRecvOne                               0x0800af75   Thumb Code    44  usb_endp.o(i.UsbRecvOne)
    UsbRecvReset                             0x0800afa9   Thumb Code    18  usb_endp.o(i.UsbRecvReset)
    UserToPMABufferCopy                      0x0800afc5   Thumb Code    34  usb_mem.o(i.UserToPMABufferCopy)
    WriteBlockFlash                          0x0800afed   Thumb Code    84  dev_eprom.o(i.WriteBlockFlash)
    WriteENCKEY                              0x0800b041   Thumb Code    98  app.o(i.WriteENCKEY)
    WriteUpgradeFlag                         0x0800b0b1   Thumb Code    32  ini.o(i.WriteUpgradeFlag)
    __0printf                                0x0800b0d9   Thumb Code    22  printfa.o(i.__0printf)
    __1printf                                0x0800b0d9   Thumb Code     0  printfa.o(i.__0printf)
    __2printf                                0x0800b0d9   Thumb Code     0  printfa.o(i.__0printf)
    __c89printf                              0x0800b0d9   Thumb Code     0  printfa.o(i.__0printf)
    printf                                   0x0800b0d9   Thumb Code     0  printfa.o(i.__0printf)
    __scatterload_copy                       0x0800b0f9   Thumb Code    14  handlers.o(i.__scatterload_copy)
    __scatterload_null                       0x0800b107   Thumb Code     2  handlers.o(i.__scatterload_null)
    __scatterload_zeroinit                   0x0800b109   Thumb Code    14  handlers.o(i.__scatterload_zeroinit)
    asc2bcd                                  0x0800b9bb   Thumb Code    84  app.o(i.asc2bcd)
    bcd2asc                                  0x0800ba0f   Thumb Code    58  app.o(i.bcd2asc)
    calcsum                                  0x0800ba67   Thumb Code    52  utilities.o(i.calcsum)
    ceil                                     0x0800ba9d   Thumb Code   204  ceil.o(i.ceil)
    delay_init                               0x0800bb79   Thumb Code    38  main.o(i.delay_init)
    delay_ms                                 0x0800bba5   Thumb Code    36  main.o(i.delay_ms)
    des                                      0x0800bbcd   Thumb Code   466  des.o(i.des)
    f_fun                                    0x0800bdc1   Thumb Code   136  des.o(i.f_fun)
    fputc                                    0x0800be49   Thumb Code    30  dev_uart.o(i.fputc)
    getbit                                   0x0800be6d   Thumb Code    10  dev_msread.o(i.getbit)
    init_serial_boot                         0x0800be79   Thumb Code    12  app.o(i.init_serial_boot)
    main                                     0x0800be89   Thumb Code   228  main.o(i.main)
    send_frame                               0x0800bf8d   Thumb Code  2352  app.o(i.send_frame)
    tri_des                                  0x0800c8e1   Thumb Code    44  des.o(i.tri_des)
    xor                                      0x0800c90d   Thumb Code    22  des.o(i.xor)
    SHID                                     0x0800e54c   Data          28  app.o(.constdata)
    CustomHID_DeviceDescriptor               0x0800e5a8   Data          18  usb_desc.o(.constdata)
    CustomHID_ConfigDescriptor               0x0800e5ba   Data          41  usb_desc.o(.constdata)
    CustomHID_ReportDescriptor               0x0800e5e3   Data          55  usb_desc.o(.constdata)
    CustomHID_StringLangID                   0x0800e61a   Data           4  usb_desc.o(.constdata)
    CustomHID_StringVendor                   0x0800e61e   Data           8  usb_desc.o(.constdata)
    CustomHID_StringProduct                  0x0800e626   Data          26  usb_desc.o(.constdata)
    Keyboard_DeviceDescriptor                0x0800e640   Data          18  usb_desc_hid.o(.constdata)
    Keyboard_ConfigDescriptor                0x0800e652   Data          41  usb_desc_hid.o(.constdata)
    Keyboard_ReportDescriptor                0x0800e67b   Data          82  usb_desc_hid.o(.constdata)
    Keyboard_StringLangID                    0x0800e6cd   Data           4  usb_desc_hid.o(.constdata)
    Keyboard_StringVendor                    0x0800e6d1   Data           8  usb_desc_hid.o(.constdata)
    Keyboard_StringProduct                   0x0800e6d9   Data          26  usb_desc_hid.o(.constdata)
    Region$$Table$$Base                      0x0800e704   Number         0  anon$$obj.o(Region$$Table)
    Region$$Table$$Limit                     0x0800e724   Number         0  anon$$obj.o(Region$$Table)
    Td0                                      0x20000004   Data        1024  aes.o(.data)
    Td1                                      0x20000404   Data        1024  aes.o(.data)
    Td2                                      0x20000804   Data        1024  aes.o(.data)
    WriteFlag                                0x20000c04   Data           1  app.o(.data)
    USB_Updataflag                           0x20000c05   Data           1  app.o(.data)
    GetNextFlag                              0x20000c06   Data           1  app.o(.data)
    macstate                                 0x20000c07   Data           1  app.o(.data)
    FIX_Authenticate_Value                   0x20000c08   Data           1  app.o(.data)
    RxdStatus                                0x20000c09   Data           1  app.o(.data)
    SynHead                                  0x20000c0a   Data           1  app.o(.data)
    RxdFrameStatus                           0x20000c0b   Data           1  app.o(.data)
    NowLen                                   0x20000c0c   Data           1  app.o(.data)
    RxdTotalLen                              0x20000c0d   Data           1  app.o(.data)
    Bcc                                      0x20000c0e   Data           1  app.o(.data)
    FixKey_AuthenBuff                        0x20000c0f   Data           8  app.o(.data)
    Sfun_Tab                                 0x20000c17   Data         512  des.o(.data)
    gkeysize                                 0x20000e17   Data           1  dukpt.o(.data)
    gfkeyregsize                             0x20000e18   Data           1  dukpt.o(.data)
    gLRC                                     0x20000e19   Data           1  dukpt.o(.data)
    rec_head0                                0x20000e1a   Data           2  dev_uart.o(.data)
    rec_end0                                 0x20000e1c   Data           2  dev_uart.o(.data)
    TM1CaptureNumber                         0x20000e20   Data           1  stm32f10x_it.o(.data)
    TM2CaptureNumber                         0x20000e21   Data           1  stm32f10x_it.o(.data)
    TM3CaptureNumber                         0x20000e22   Data           1  stm32f10x_it.o(.data)
    TM1ReadValue1                            0x20000e24   Data           2  stm32f10x_it.o(.data)
    TM1ReadValue2                            0x20000e26   Data           2  stm32f10x_it.o(.data)
    TM2ReadValue1                            0x20000e28   Data           2  stm32f10x_it.o(.data)
    TM2ReadValue2                            0x20000e2a   Data           2  stm32f10x_it.o(.data)
    TM3ReadValue1                            0x20000e2c   Data           2  stm32f10x_it.o(.data)
    TM3ReadValue2                            0x20000e2e   Data           2  stm32f10x_it.o(.data)
    g1msTimer6                               0x20000e30   Data           4  stm32f10x_it.o(.data)
    CustomHID_StringSerial                   0x20000e34   Data          22  usb_desc.o(.data)
    gUsbRespFlag                             0x20000e4c   Data           1  usb_endp.o(.data)
    USBRecvTop                               0x20000e50   Data           4  usb_endp.o(.data)
    USBRecvEnd                               0x20000e54   Data           4  usb_endp.o(.data)
    bIntPackSOF                              0x20000f58   Data           1  usb_istr.o(.data)
    wIstr                                    0x20000f5a   Data           2  usb_istr.o(.data)
    pEpInt_IN                                0x20000f5c   Data          28  usb_istr.o(.data)
    pEpInt_OUT                               0x20000f78   Data          28  usb_istr.o(.data)
    IDTUSB_Reviceflag                        0x20000f94   Data           1  usb_prop.o(.data)
    usbd_sendlen                             0x20000f95   Data           1  usb_prop.o(.data)
    sendcount                                0x20000f96   Data           1  usb_prop.o(.data)
    ProtocolValue                            0x20000f98   Data           4  usb_prop.o(.data)
    Device_Descriptor_Custom                 0x20000f9c   Data           8  usb_prop.o(.data)
    Config_Descriptor_Custom                 0x20000fa4   Data           8  usb_prop.o(.data)
    CustomHID_Report_Descriptor              0x20000fac   Data           8  usb_prop.o(.data)
    CustomHID_Hid_Descriptor                 0x20000fb4   Data           8  usb_prop.o(.data)
    Device_Property_Custom                   0x20000fbc   Data          48  usb_prop.o(.data)
    User_Standard_Requests_Custom            0x20000fec   Data          36  usb_prop.o(.data)
    String_Descriptor_Custom                 0x20001010   Data          32  usb_prop.o(.data)
    Device_Table                             0x20001030   Data           2  usb_prop.o(.data)
    bDeviceState                             0x20001034   Data           4  usb_pwr.o(.data)
    fSuspendEnabled                          0x20001038   Data           1  usb_pwr.o(.data)
    ResumeS                                  0x20001039   Data           2  usb_pwr.o(.data)
    Data_Mul_MaxPacketSize                   0x2000103c   Data           1  usb_core.o(.data)
    StatusInfo                               0x2000103e   Data           2  usb_core.o(.data)
    EPindex                                  0x20001040   Data           1  usb_init.o(.data)
    pInformation                             0x20001044   Data           4  usb_init.o(.data)
    pProperty                                0x20001048   Data           4  usb_init.o(.data)
    pUser_Standard_Requests                  0x2000104c   Data           4  usb_init.o(.data)
    wInterrupt_Mask                          0x20001050   Data           2  usb_init.o(.data)
    SaveRState                               0x20001052   Data           2  usb_int.o(.data)
    SaveTState                               0x20001054   Data           2  usb_int.o(.data)
    Keyboard_StringSerial                    0x20001056   Data          22  usb_desc_hid.o(.data)
    usb_reviceflag                           0x2000106c   Data           1  usb_prop_hid.o(.data)
    Device_Descriptor_Hid                    0x20001070   Data           8  usb_prop_hid.o(.data)
    Config_Descriptor_Hid                    0x20001078   Data           8  usb_prop_hid.o(.data)
    Keyboard_Report_Descriptor               0x20001080   Data           8  usb_prop_hid.o(.data)
    Mouse_Hid_Descriptor                     0x20001088   Data           8  usb_prop_hid.o(.data)
    Device_Property_Hid                      0x20001090   Data          48  usb_prop_hid.o(.data)
    User_Standard_Requests_Hid               0x200010c0   Data          36  usb_prop_hid.o(.data)
    String_Descriptor_Hid                    0x200010e4   Data          32  usb_prop_hid.o(.data)
    MSR_fCardDataReady                       0x20001104   Data           1  magdecode.o(.data)
    __stdout                                 0x2000110c   Data           4  stdout.o(.data)
    Device_Property                          0x20001110   Data          48  main.o(.bss)
    User_Standard_Requests                   0x20001140   Data          36  main.o(.bss)
    ENC_KEY                                  0x20001164   Data         203  app.o(.bss)
    CryptoKey                                0x2000122f   Data          16  app.o(.bss)
    BCD_ASCII_Buf                            0x20001240   Data        1024  dev_msread.o(.bss)
    ch                                       0x20001640   Data        1024  dev_msread.o(.bss)
    foo                                      0x20001a40   Data          96  dev_msread.o(.bss)
    key                                      0x20001aa0   Data         244  dev_msread.o(.bss)
    sha                                      0x20001b94   Data          60  dev_msread.o(.bss)
    USBRecvBuf                               0x20001bd0   Data        1536  usb_endp.o(.bss)
    SendBuff                                 0x200021d0   Data          65  usb_endp.o(.bss)
    IDTUSB_SendBuff                          0x20002211   Data         128  usb_prop.o(.bss)
    PF_Buffer                                0x20002291   Data          55  usb_prop.o(.bss)
    Device_Info                              0x200022c8   Data          28  usb_init.o(.bss)
    My_Buffer                                0x200022e4   Data          82  usb_prop_hid.o(.bss)
    Track1TimeFlow                           0x20002336   Data        2202  magdecode.o(.bss)
    Track2TimeFlow                           0x20002bd0   Data        1002  magdecode.o(.bss)
    Track3TimeFlow                           0x20002fba   Data        2162  magdecode.o(.bss)
    TrackBitFlow                             0x2000382c   Data         802  magdecode.o(.bss)
    TempTrackDirtData                        0x20003b4e   Data         111  magdecode.o(.bss)
    TempTrackData                            0x20003bbd   Data         111  magdecode.o(.bss)
    Track1Data                               0x20003c2c   Data         111  magdecode.o(.bss)
    Track2Data                               0x20003c9b   Data         111  magdecode.o(.bss)
    Track3Data                               0x20003d0a   Data         111  magdecode.o(.bss)
    __initial_sp                             0x20004180   Data           0  startup_stm32f10x_md.o(STACK)



==============================================================================

Memory Map of the image

  Image Entry point : 0x080034ed

  Load Region LR_IROM1 (Base: 0x08003400, Size: 0x0000c434, Max: 0x00010000, ABSOLUTE, COMPRESSED[0x0000c2dc])

    Execution Region ER_IROM1 (Base: 0x08003400, Size: 0x0000b324, Max: 0x00010000, ABSOLUTE)

    Base Addr    Size         Type   Attr      Idx    E Section Name        Object

    0x08003400   0x000000ec   Data   RO         2938    RESET               startup_stm32f10x_md.o
    0x080034ec   0x00000000   Code   RO         4225  * .ARM.Collect$$$$00000000  mc_w.l(entry.o)
    0x080034ec   0x00000004   Code   RO         4512    .ARM.Collect$$$$00000001  mc_w.l(entry2.o)
    0x080034f0   0x00000004   Code   RO         4515    .ARM.Collect$$$$00000004  mc_w.l(entry5.o)
    0x080034f4   0x00000000   Code   RO         4517    .ARM.Collect$$$$00000008  mc_w.l(entry7b.o)
    0x080034f4   0x00000000   Code   RO         4519    .ARM.Collect$$$$0000000A  mc_w.l(entry8b.o)
    0x080034f4   0x00000008   Code   RO         4520    .ARM.Collect$$$$0000000B  mc_w.l(entry9a.o)
    0x080034fc   0x00000000   Code   RO         4522    .ARM.Collect$$$$0000000D  mc_w.l(entry10a.o)
    0x080034fc   0x00000000   Code   RO         4524    .ARM.Collect$$$$0000000F  mc_w.l(entry11a.o)
    0x080034fc   0x00000004   Code   RO         4513    .ARM.Collect$$$$00002712  mc_w.l(entry2.o)
    0x08003500   0x00000024   Code   RO         2939    .text               startup_stm32f10x_md.o
    0x08003524   0x000013ec   Code   RO         4191    .text               HSC32K1_Base.lib(magdecode.o)
    0x08004910   0x00000024   Code   RO         4228    .text               mc_w.l(rand.o)
    0x08004934   0x00000024   Code   RO         4231    .text               mc_w.l(memcpya.o)
    0x08004958   0x00000024   Code   RO         4233    .text               mc_w.l(memseta.o)
    0x0800497c   0x0000000e   Code   RO         4237    .text               mc_w.l(strlen.o)
    0x0800498a   0x0000001a   Code   RO         4239    .text               mc_w.l(memcmp.o)
    0x080049a4   0x0000002e   Code   RO         4504    .text               mf_w.l(dscalb.o)
    0x080049d2   0x00000022   Code   RO         4506    .text               mf_w.l(dflti.o)
    0x080049f4   0x0000001a   Code   RO         4508    .text               mf_w.l(dfltui.o)
    0x08004a0e   0x00000032   Code   RO         4510    .text               mf_w.l(dfixui.o)
    0x08004a40   0x0000002c   Code   RO         4527    .text               mc_w.l(uidiv.o)
    0x08004a6c   0x00000062   Code   RO         4529    .text               mc_w.l(uldiv.o)
    0x08004ace   0x00000020   Code   RO         4531    .text               mc_w.l(llushr.o)
    0x08004aee   0x00000000   Code   RO         4533    .text               mc_w.l(iusefp.o)
    0x08004aee   0x000000be   Code   RO         4534    .text               mf_w.l(depilogue.o)
    0x08004bac   0x0000014e   Code   RO         4536    .text               mf_w.l(dadd.o)
    0x08004cfa   0x000000e4   Code   RO         4538    .text               mf_w.l(dmul.o)
    0x08004dde   0x000000de   Code   RO         4540    .text               mf_w.l(ddiv.o)
    0x08004ebc   0x00000030   Code   RO         4542    .text               mf_w.l(dfixul.o)
    0x08004eec   0x00000028   Code   RO         4544    .text               mf_w.l(cdrcmple.o)
    0x08004f14   0x00000024   Code   RO         4546    .text               mc_w.l(init.o)
    0x08004f38   0x0000001e   Code   RO         4548    .text               mc_w.l(llshl.o)
    0x08004f56   0x00000024   Code   RO         4550    .text               mc_w.l(llsshr.o)
    0x08004f7a   0x00000060   Code   RO         4560    .text               mc_w.l(__dclz77c.o)
    0x08004fda   0x000000f2   Code   RO          247    i.AES_cbc_encrypt   aes.o
    0x080050cc   0x00000328   Code   RO          248    i.AES_decrypt       aes.o
    0x080053f4   0x00000324   Code   RO          249    i.AES_encrypt       aes.o
    0x08005718   0x00000184   Code   RO          250    i.AES_set_decrypt_key  aes.o
    0x0800589c   0x00000280   Code   RO          251    i.AES_set_encrypt_key  aes.o
    0x08005b1c   0x00000002   Code   RO          894    i.BusFault_Handler  stm32f10x_it.o
    0x08005b1e   0x0000000a   Code   RO         3623    i.ByteSwap          usb_regs.o
    0x08005b28   0x00000150   Code   RO         3560    i.CTR_LP            usb_int.o
    0x08005c78   0x0000005c   Code   RO          292    i.CalcCryptoKey     app.o
    0x08005cd4   0x00000014   Code   RO          293    i.CalcXOR           app.o
    0x08005ce8   0x00000014   Code   RO          294    i.CalcXOR_none      app.o
    0x08005cfc   0x0000001c   Code   RO          295    i.CheckSum8         app.o
    0x08005d18   0x00000024   Code   RO         3624    i.ClearDTOG_RX      usb_regs.o
    0x08005d3c   0x00000024   Code   RO         3625    i.ClearDTOG_TX      usb_regs.o
    0x08005d60   0x0000001c   Code   RO         3630    i.Clear_Status_Out  usb_regs.o
    0x08005d7c   0x00000130   Code   RO         3195    i.CustomHID_Data_Setup  usb_prop.o
    0x08005eac   0x0000000c   Code   RO         3196    i.CustomHID_GetConfigDescriptor  usb_prop.o
    0x08005eb8   0x0000000c   Code   RO         3197    i.CustomHID_GetDeviceDescriptor  usb_prop.o
    0x08005ec4   0x0000000c   Code   RO         3198    i.CustomHID_GetHIDDescriptor  usb_prop.o
    0x08005ed0   0x0000001c   Code   RO         3199    i.CustomHID_GetProtocolValue  usb_prop.o
    0x08005eec   0x0000000c   Code   RO         3200    i.CustomHID_GetReportDescriptor  usb_prop.o
    0x08005ef8   0x00000020   Code   RO         3201    i.CustomHID_GetStringDescriptor  usb_prop.o
    0x08005f18   0x0000000a   Code   RO         3202    i.CustomHID_Get_Interface_Setting  usb_prop.o
    0x08005f22   0x00000002   PAD
    0x08005f24   0x00000028   Code   RO         3203    i.CustomHID_NoData_Setup  usb_prop.o
    0x08005f4c   0x000000b4   Code   RO         3204    i.CustomHID_Reset   usb_prop.o
    0x08006000   0x0000001c   Code   RO         3205    i.CustomHID_SetConfiguration  usb_prop.o
    0x0800601c   0x0000000c   Code   RO         3206    i.CustomHID_SetDeviceAddress  usb_prop.o
    0x08006028   0x00000018   Code   RO         3207    i.CustomHID_SetProtocol  usb_prop.o
    0x08006040   0x0000000c   Code   RO         3208    i.CustomHID_Status_In  usb_prop.o
    0x0800604c   0x0000000c   Code   RO         3209    i.CustomHID_Status_Out  usb_prop.o
    0x08006058   0x00000024   Code   RO         3210    i.CustomHID_init    usb_prop.o
    0x0800607c   0x00000074   Code   RO         3058    i.Custom_Data_Send  usb_endp.o
    0x080060f0   0x00000028   Code   RO         3211    i.Custom_Init       usb_prop.o
    0x08006118   0x00000044   Code   RO         3059    i.DataSend_USBHID   usb_endp.o
    0x0800615c   0x000000b4   Code   RO         3394    i.DataStageIn       usb_core.o
    0x08006210   0x000000ac   Code   RO         3395    i.DataStageOut      usb_core.o
    0x080062bc   0x00000198   Code   RO         3396    i.Data_Setup0       usb_core.o
    0x08006454   0x00000970   Code   RO          297    i.DealRxData        app.o
    0x08006dc4   0x000000b8   Code   RO          298    i.DealSerialParse   app.o
    0x08006e7c   0x00000002   Code   RO          895    i.DebugMon_Handler  stm32f10x_it.o
    0x08006e7e   0x00000002   PAD
    0x08006e80   0x000001d8   Code   RO          299    i.Default_Settings  app.o
    0x08007058   0x00000040   Code   RO         1050    i.DeleteChars       dev_msread.o
    0x08007098   0x0000005a   Code   RO          441    i.DoFirstChange     des.o
    0x080070f2   0x00000074   Code   RO          442    i.DoKey             des.o
    0x08007166   0x0000003a   Code   RO          443    i.DoLeft            des.o
    0x080071a0   0x00000048   Code   RO          444    i.DoRight           des.o
    0x080071e8   0x0000001c   Code   RO          300    i.Dukpt_KeyManagement  app.o
    0x08007204   0x0000006c   Code   RO          896    i.EXTI0_IRQHandler  stm32f10x_it.o
    0x08007270   0x00000070   Code   RO          897    i.EXTI1_IRQHandler  stm32f10x_it.o
    0x080072e0   0x00000040   Code   RO          898    i.EXTI2_IRQHandler  stm32f10x_it.o
    0x08007320   0x00000070   Code   RO          899    i.EXTI9_5_IRQHandler  stm32f10x_it.o
    0x08007390   0x0000000c   Code   RO         1138    i.EXTI_ClearITPendingBit  stm32f10x_exti.o
    0x0800739c   0x00000168   Code   RO            3    i.EXTI_Configuration  main.o
    0x08007504   0x00000020   Code   RO         1142    i.EXTI_GetITStatus  stm32f10x_exti.o
    0x08007524   0x00000070   Code   RO         1143    i.EXTI_Init         stm32f10x_exti.o
    0x08007594   0x00000094   Code   RO          445    i.E_expand          des.o
    0x08007628   0x00000034   Code   RO          768    i.EarseBlockFlash   dev_eprom.o
    0x0800765c   0x0000000c   Code   RO         2945    i.Enter_LowPowerMode  hw_config.o
    0x08007668   0x0000003c   Code   RO         1204    i.FLASH_ErasePage   stm32f10x_flash.o
    0x080076a4   0x00000028   Code   RO         1205    i.FLASH_GetBank1Status  stm32f10x_flash.o
    0x080076cc   0x00000010   Code   RO         1214    i.FLASH_Lock        stm32f10x_flash.o
    0x080076dc   0x00000050   Code   RO         1219    i.FLASH_ProgramWord  stm32f10x_flash.o
    0x0800772c   0x00000018   Code   RO         1222    i.FLASH_Unlock      stm32f10x_flash.o
    0x08007744   0x00000024   Code   RO         1226    i.FLASH_WaitForLastOperation  stm32f10x_flash.o
    0x08007768   0x00000094   Code   RO          446    i.Find_S            des.o
    0x080077fc   0x00000028   Code   RO         1382    i.GPIO_EXTILineConfig  stm32f10x_gpio.o
    0x08007824   0x0000009e   Code   RO         1385    i.GPIO_Init         stm32f10x_gpio.o
    0x080078c2   0x0000000e   Code   RO         1389    i.GPIO_ReadInputDataBit  stm32f10x_gpio.o
    0x080078d0   0x00000004   Code   RO         1392    i.GPIO_ResetBits    stm32f10x_gpio.o
    0x080078d4   0x00000004   Code   RO         1393    i.GPIO_SetBits      stm32f10x_gpio.o
    0x080078d8   0x00000020   Code   RO         3642    i.GetEPRxAddr       usb_regs.o
    0x080078f8   0x0000001c   Code   RO         3645    i.GetEPTxAddr       usb_regs.o
    0x08007914   0x00000088   Code   RO          301    i.GetNextKSN        app.o
    0x0800799c   0x00000018   Code   RO          651    i.GetXORKey         utilities.o
    0x080079b4   0x00000034   Code   RO         2946    i.Get_SerialNum     hw_config.o
    0x080079e8   0x00000002   Code   RO          900    i.HardFault_Handler  stm32f10x_it.o
    0x080079ea   0x00000002   PAD
    0x080079ec   0x00000024   Code   RO          522    i.IDT_CalcLRC       dukpt.o
    0x08007a10   0x0000002c   Code   RO          523    i.IDT_ChangeCounter  dukpt.o
    0x08007a3c   0x0000014c   Code   RO          524    i.IDT_EncryptPIN    dukpt.o
    0x08007b88   0x00000080   Code   RO          525    i.IDT_GenNewKeys    dukpt.o
    0x08007c08   0x0000001a   Code   RO          526    i.IDT_GetNumOfOnes  dukpt.o
    0x08007c22   0x00000016   Code   RO          527    i.IDT_GetSetBitPos  dukpt.o
    0x08007c38   0x00000042   Code   RO          528    i.IDT_InitCryptoReg  dukpt.o
    0x08007c7a   0x00000002   PAD
    0x08007c7c   0x00000098   Code   RO          529    i.IDT_LoadInitKey   dukpt.o
    0x08007d14   0x00000088   Code   RO          530    i.IDT_NonReversibleKeyGen  dukpt.o
    0x08007d9c   0x000000c8   Code   RO          531    i.IDT_PropogateKeys  dukpt.o
    0x08007e64   0x0000000c   Code   RO          532    i.IDT_SetBit        dukpt.o
    0x08007e70   0x00000016   Code   RO          534    i.IDT_UpdateKSN     dukpt.o
    0x08007e86   0x00000024   Code   RO            4    i.IWDG_Configuration  main.o
    0x08007eaa   0x00000002   PAD
    0x08007eac   0x00000010   Code   RO         2658    i.IWDG_Enable       stm32f10x_iwdg.o
    0x08007ebc   0x00000010   Code   RO         2660    i.IWDG_ReloadCounter  stm32f10x_iwdg.o
    0x08007ecc   0x0000000c   Code   RO         2661    i.IWDG_SetPrescaler  stm32f10x_iwdg.o
    0x08007ed8   0x0000000c   Code   RO         2662    i.IWDG_SetReload    stm32f10x_iwdg.o
    0x08007ee4   0x0000000c   Code   RO         2663    i.IWDG_WriteAccessCmd  stm32f10x_iwdg.o
    0x08007ef0   0x0000005c   Code   RO         3397    i.In0_Process       usb_core.o
    0x08007f4c   0x00000038   Code   RO         2947    i.IntToUnicode      hw_config.o
    0x08007f84   0x0000012c   Code   RO         4049    i.Keyboard_Data_Setup  usb_prop_hid.o
    0x080080b0   0x0000000c   Code   RO         4050    i.Keyboard_GetConfigDescriptor  usb_prop_hid.o
    0x080080bc   0x0000000c   Code   RO         4051    i.Keyboard_GetDeviceDescriptor  usb_prop_hid.o
    0x080080c8   0x0000000c   Code   RO         4052    i.Keyboard_GetHIDDescriptor  usb_prop_hid.o
    0x080080d4   0x0000001c   Code   RO         4053    i.Keyboard_GetProtocolValue  usb_prop_hid.o
    0x080080f0   0x0000000c   Code   RO         4054    i.Keyboard_GetReportDescriptor  usb_prop_hid.o
    0x080080fc   0x00000020   Code   RO         4055    i.Keyboard_GetStringDescriptor  usb_prop_hid.o
    0x0800811c   0x0000000a   Code   RO         4056    i.Keyboard_Get_Interface_Setting  usb_prop_hid.o
    0x08008126   0x00000002   PAD
    0x08008128   0x00000028   Code   RO         4057    i.Keyboard_NoData_Setup  usb_prop_hid.o
    0x08008150   0x0000009c   Code   RO         4058    i.Keyboard_Reset    usb_prop_hid.o
    0x080081ec   0x00000064   Code   RO         3062    i.Keyboard_Send     usb_endp.o
    0x08008250   0x00000018   Code   RO         4060    i.Keyboard_SetConfiguration  usb_prop_hid.o
    0x08008268   0x0000000c   Code   RO         4061    i.Keyboard_SetDeviceAddress  usb_prop_hid.o
    0x08008274   0x00000018   Code   RO         4062    i.Keyboard_SetProtocol  usb_prop_hid.o
    0x0800828c   0x00000002   Code   RO         4063    i.Keyboard_Status_In  usb_prop_hid.o
    0x0800828e   0x00000002   Code   RO         4064    i.Keyboard_Status_Out  usb_prop_hid.o
    0x08008290   0x00000028   Code   RO         4065    i.Keyboard_hid_init  usb_prop_hid.o
    0x080082b8   0x0000003c   Code   RO         4066    i.Keyboard_init     usb_prop_hid.o
    0x080082f4   0x0000001c   Code   RO         2948    i.Leave_LowPowerMode  hw_config.o
    0x08008310   0x00000e8c   Code   RO         1051    i.MSR_SendData      dev_msread.o
    0x0800919c   0x00000002   Code   RO          901    i.MemManage_Handler  stm32f10x_it.o
    0x0800919e   0x00000002   PAD
    0x080091a0   0x0000001c   Code   RO         4067    i.My_Data_Request   usb_prop_hid.o
    0x080091bc   0x00000002   Code   RO          902    i.NMI_Handler       stm32f10x_it.o
    0x080091be   0x00000002   Code   RO         3398    i.NOP_Process       usb_core.o
    0x080091c0   0x0000000c   Code   RO            5    i.NVIC_Configuration  main.o
    0x080091cc   0x00000064   Code   RO         1093    i.NVIC_Init         misc.o
    0x08009230   0x00000014   Code   RO         1094    i.NVIC_PriorityGroupConfig  misc.o
    0x08009244   0x00000014   Code   RO         1095    i.NVIC_SetVectorTable  misc.o
    0x08009258   0x00000020   Code   RO          302    i.NVIC_SystemReset  app.o
    0x08009278   0x000000d4   Code   RO         3399    i.NoData_Setup0     usb_core.o
    0x0800934c   0x00000048   Code   RO         3400    i.Out0_Process      usb_core.o
    0x08009394   0x00000020   Code   RO         3597    i.PMAToUserBufferCopy  usb_mem.o
    0x080093b4   0x00000010   Code   RO         1502    i.PWR_ClearFlag     stm32f10x_pwr.o
    0x080093c4   0x00000014   Code   RO         1506    i.PWR_GetFlagStatus  stm32f10x_pwr.o
    0x080093d8   0x00000112   Code   RO          447    i.P_chang           des.o
    0x080094ea   0x00000002   Code   RO          903    i.PendSV_Handler    stm32f10x_it.o
    0x080094ec   0x00000044   Code   RO         3401    i.Post0_Process     usb_core.o
    0x08009530   0x0000002c   Code   RO         3343    i.PowerOn           usb_pwr.o
    0x0800955c   0x00000018   Code   RO         1571    i.RCC_APB1PeriphClockCmd  stm32f10x_rcc.o
    0x08009574   0x00000018   Code   RO         1573    i.RCC_APB2PeriphClockCmd  stm32f10x_rcc.o
    0x0800958c   0x0000000c   Code   RO         1599    i.RCC_USBCLKConfig  stm32f10x_rcc.o
    0x08009598   0x00000036   Code   RO          904    i.RTCAlarm_IRQHandler  stm32f10x_it.o
    0x080095ce   0x00000002   PAD
    0x080095d0   0x00000010   Code   RO         2709    i.RTC_ClearITPendingBit  stm32f10x_rtc.o
    0x080095e0   0x00000020   Code   RO         2715    i.RTC_GetITStatus   stm32f10x_rtc.o
    0x08009600   0x00000010   Code   RO         2720    i.RTC_WaitForLastTask  stm32f10x_rtc.o
    0x08009610   0x00000026   Code   RO          769    i.ReadBlockFlash    dev_eprom.o
    0x08009636   0x00000002   PAD
    0x08009638   0x0000007c   Code   RO          303    i.ReadENCKEY        app.o
    0x080096b4   0x0000007c   Code   RO         3344    i.Resume            usb_pwr.o
    0x08009730   0x00000020   Code   RO         3345    i.Resume_Init       usb_pwr.o
    0x08009750   0x00000070   Code   RO         3063    i.Revice_IDTdata    usb_endp.o
    0x080097c0   0x0000007c   Code   RO          612    i.SHA1Final         sha1.o
    0x0800983c   0x000009a8   Code   RO          613    i.SHA1Guts          sha1.o
    0x0800a1e4   0x00000030   Code   RO          614    i.SHA1Init          sha1.o
    0x0800a214   0x00000074   Code   RO          615    i.SHA1Update        sha1.o
    0x0800a288   0x00000002   Code   RO          905    i.SVC_Handler       stm32f10x_it.o
    0x0800a28a   0x00000002   PAD
    0x0800a28c   0x00000010   Code   RO         3653    i.SetBTABLE         usb_regs.o
    0x0800a29c   0x00000040   Code   RO         3402    i.SetDeviceAddress  usb_core.o
    0x0800a2dc   0x00000020   Code   RO         3667    i.SetEPRxAddr       usb_regs.o
    0x0800a2fc   0x00000040   Code   RO         3668    i.SetEPRxCount      usb_regs.o
    0x0800a33c   0x00000030   Code   RO         3669    i.SetEPRxStatus     usb_regs.o
    0x0800a36c   0x00000020   Code   RO         3670    i.SetEPRxValid      usb_regs.o
    0x0800a38c   0x00000020   Code   RO         3671    i.SetEPTxAddr       usb_regs.o
    0x0800a3ac   0x0000001c   Code   RO         3672    i.SetEPTxCount      usb_regs.o
    0x0800a3c8   0x00000030   Code   RO         3673    i.SetEPTxStatus     usb_regs.o
    0x0800a3f8   0x00000020   Code   RO         3674    i.SetEPTxValid      usb_regs.o
    0x0800a418   0x00000018   Code   RO         3675    i.SetEPType         usb_regs.o
    0x0800a430   0x000001fc   Code   RO          448    i.SetKey            des.o
    0x0800a62c   0x000000a8   Code   RO         2901    i.SetSysClockTo72   system_stm32f10x.o
    0x0800a6d4   0x00000014   Code   RO         2949    i.Set_USBClock      hw_config.o
    0x0800a6e8   0x00000068   Code   RO         3403    i.Setup0_Process    usb_core.o
    0x0800a750   0x000000ec   Code   RO         3404    i.Standard_ClearFeature  usb_core.o
    0x0800a83c   0x00000028   Code   RO         3405    i.Standard_GetConfiguration  usb_core.o
    0x0800a864   0x0000001c   Code   RO         3406    i.Standard_GetDescriptorData  usb_core.o
    0x0800a880   0x00000028   Code   RO         3407    i.Standard_GetInterface  usb_core.o
    0x0800a8a8   0x00000090   Code   RO         3408    i.Standard_GetStatus  usb_core.o
    0x0800a938   0x00000038   Code   RO         3409    i.Standard_SetConfiguration  usb_core.o
    0x0800a970   0x00000024   Code   RO         3410    i.Standard_SetDeviceFeature  usb_core.o
    0x0800a994   0x00000080   Code   RO         3411    i.Standard_SetEndPointFeature  usb_core.o
    0x0800aa14   0x00000048   Code   RO         3412    i.Standard_SetInterface  usb_core.o
    0x0800aa5c   0x00000020   Code   RO         3346    i.Suspend           usb_pwr.o
    0x0800aa7c   0x00000014   Code   RO          906    i.SysTick_Handler   stm32f10x_it.o
    0x0800aa90   0x00000054   Code   RO         2903    i.SystemInit        system_stm32f10x.o
    0x0800aae4   0x00000048   Code   RO          805    i.TIM2_Cap_Init     dev_timer.o
    0x0800ab2c   0x00000070   Code   RO          806    i.TIM3_Cnt_Init     dev_timer.o
    0x0800ab9c   0x00000030   Code   RO          907    i.TIM3_IRQHandler   stm32f10x_it.o
    0x0800abcc   0x00000006   Code   RO         1937    i.TIM_ClearFlag     stm32f10x_tim.o
    0x0800abd2   0x00000006   Code   RO         1938    i.TIM_ClearITPendingBit  stm32f10x_tim.o
    0x0800abd8   0x00000014   Code   RO         1943    i.TIM_Cmd           stm32f10x_tim.o
    0x0800abec   0x00000018   Code   RO         1964    i.TIM_GetITStatus   stm32f10x_tim.o
    0x0800ac04   0x00000010   Code   RO         1968    i.TIM_ITConfig      stm32f10x_tim.o
    0x0800ac14   0x0000009c   Code   RO         2014    i.TIM_TimeBaseInit  stm32f10x_tim.o
    0x0800acb0   0x00000028   Code   RO            9    i.Trans_Mode_Switch  main.o
    0x0800acd8   0x000000b8   Code   RO          908    i.USART1_IRQHandler  stm32f10x_it.o
    0x0800ad90   0x0000000e   Code   RO         2477    i.USART_GetFlagStatus  stm32f10x_usart.o
    0x0800ad9e   0x00000008   Code   RO         2491    i.USART_SendData    stm32f10x_usart.o
    0x0800ada6   0x00000002   PAD
    0x0800ada8   0x00000044   Code   RO         2950    i.USB_Cable_Config  hw_config.o
    0x0800adec   0x00000028   Code   RO         3525    i.USB_Init          usb_init.o
    0x0800ae14   0x0000003c   Code   RO         2951    i.USB_Interrupts_Config  hw_config.o
    0x0800ae50   0x000000d8   Code   RO         3163    i.USB_Istr          usb_istr.o
    0x0800af28   0x00000004   Code   RO          910    i.USB_LP_CAN1_RX0_IRQHandler  stm32f10x_it.o
    0x0800af2c   0x00000020   Code   RO         3991    i.USB_SIL_Init      usb_sil.o
    0x0800af4c   0x00000026   Code   RO         3993    i.USB_SIL_Write     usb_sil.o
    0x0800af72   0x00000002   Code   RO          911    i.UsageFault_Handler  stm32f10x_it.o
    0x0800af74   0x00000034   Code   RO         3066    i.UsbRecvOne        usb_endp.o
    0x0800afa8   0x0000001c   Code   RO         3067    i.UsbRecvReset      usb_endp.o
    0x0800afc4   0x00000028   Code   RO         3598    i.UserToPMABufferCopy  usb_mem.o
    0x0800afec   0x00000054   Code   RO          770    i.WriteBlockFlash   dev_eprom.o
    0x0800b040   0x00000070   Code   RO          304    i.WriteENCKEY       app.o
    0x0800b0b0   0x00000028   Code   RO          726    i.WriteUpgradeFlag  ini.o
    0x0800b0d8   0x00000020   Code   RO         4476    i.__0printf         mc_w.l(printfa.o)
    0x0800b0f8   0x0000000e   Code   RO         4554    i.__scatterload_copy  mc_w.l(handlers.o)
    0x0800b106   0x00000002   Code   RO         4555    i.__scatterload_null  mc_w.l(handlers.o)
    0x0800b108   0x0000000e   Code   RO         4556    i.__scatterload_zeroinit  mc_w.l(handlers.o)
    0x0800b116   0x00000002   PAD
    0x0800b118   0x0000015c   Code   RO         4483    i._fp_digits        mc_w.l(printfa.o)
    0x0800b274   0x000006f0   Code   RO         4484    i._printf_core      mc_w.l(printfa.o)
    0x0800b964   0x00000026   Code   RO         4485    i._printf_post_padding  mc_w.l(printfa.o)
    0x0800b98a   0x00000030   Code   RO         4486    i._printf_pre_padding  mc_w.l(printfa.o)
    0x0800b9ba   0x00000054   Code   RO          305    i.asc2bcd           app.o
    0x0800ba0e   0x0000003a   Code   RO          306    i.bcd2asc           app.o
    0x0800ba48   0x0000001e   Code   RO          616    i.burnStack         sha1.o
    0x0800ba66   0x00000034   Code   RO          652    i.calcsum           utilities.o
    0x0800ba9a   0x00000002   PAD
    0x0800ba9c   0x000000dc   Code   RO         4222    i.ceil              m_ws.l(ceil.o)
    0x0800bb78   0x0000002c   Code   RO           10    i.delay_init        main.o
    0x0800bba4   0x00000028   Code   RO           11    i.delay_ms          main.o
    0x0800bbcc   0x000001f4   Code   RO          449    i.des               des.o
    0x0800bdc0   0x00000088   Code   RO          450    i.f_fun             des.o
    0x0800be48   0x00000024   Code   RO          835    i.fputc             dev_uart.o
    0x0800be6c   0x0000000a   Code   RO         1052    i.getbit            dev_msread.o
    0x0800be76   0x00000002   PAD
    0x0800be78   0x00000010   Code   RO          307    i.init_serial_boot  app.o
    0x0800be88   0x00000104   Code   RO           13    i.main              main.o
    0x0800bf8c   0x00000954   Code   RO          308    i.send_frame        app.o
    0x0800c8e0   0x0000002c   Code   RO          451    i.tri_des           des.o
    0x0800c90c   0x00000016   Code   RO          452    i.xor               des.o
    0x0800c922   0x00000002   PAD
    0x0800c924   0x00001c28   Data   RO          252    .constdata          aes.o
    0x0800e54c   0x0000001c   Data   RO          310    .constdata          app.o
    0x0800e568   0x00000040   Data   RO          617    .constdata          sha1.o
    0x0800e5a8   0x00000012   Data   RO         3028    .constdata          usb_desc.o
    0x0800e5ba   0x00000029   Data   RO         3029    .constdata          usb_desc.o
    0x0800e5e3   0x00000037   Data   RO         3030    .constdata          usb_desc.o
    0x0800e61a   0x00000004   Data   RO         3031    .constdata          usb_desc.o
    0x0800e61e   0x00000008   Data   RO         3032    .constdata          usb_desc.o
    0x0800e626   0x0000001a   Data   RO         3033    .constdata          usb_desc.o
    0x0800e640   0x00000012   Data   RO         4023    .constdata          usb_desc_hid.o
    0x0800e652   0x00000029   Data   RO         4024    .constdata          usb_desc_hid.o
    0x0800e67b   0x00000052   Data   RO         4025    .constdata          usb_desc_hid.o
    0x0800e6cd   0x00000004   Data   RO         4026    .constdata          usb_desc_hid.o
    0x0800e6d1   0x00000008   Data   RO         4027    .constdata          usb_desc_hid.o
    0x0800e6d9   0x0000001a   Data   RO         4028    .constdata          usb_desc_hid.o
    0x0800e6f3   0x00000010   Data   RO         4193    .constdata          HSC32K1_Base.lib(magdecode.o)
    0x0800e703   0x00000001   PAD
    0x0800e704   0x00000020   Data   RO         4552    Region$$Table       anon$$obj.o


    Execution Region RW_IRAM1 (Base: 0x20000000, Size: 0x00004180, Max: 0x00005000, ABSOLUTE, COMPRESSED[0x00000fb8])

    Base Addr    Size         Type   Attr      Idx    E Section Name        Object

    0x20000000   0x00000004   Data   RW           16    .data               main.o
    0x20000004   0x00000c00   Data   RW          253    .data               aes.o
    0x20000c04   0x00000013   Data   RW          314    .data               app.o
    0x20000c17   0x00000200   Data   RW          453    .data               des.o
    0x20000e17   0x00000003   Data   RW          535    .data               dukpt.o
    0x20000e1a   0x00000004   Data   RW          837    .data               dev_uart.o
    0x20000e1e   0x00000002   PAD
    0x20000e20   0x00000014   Data   RW          912    .data               stm32f10x_it.o
    0x20000e34   0x00000016   Data   RW         3034    .data               usb_desc.o
    0x20000e4a   0x00000002   PAD
    0x20000e4c   0x0000010c   Data   RW         3072    .data               usb_endp.o
    0x20000f58   0x00000004   Data   RW         3164    .data               usb_istr.o
    0x20000f5c   0x0000001c   Data   RW         3165    .data               usb_istr.o
    0x20000f78   0x0000001c   Data   RW         3166    .data               usb_istr.o
    0x20000f94   0x0000009c   Data   RW         3214    .data               usb_prop.o
    0x20001030   0x00000002   Data   RW         3215    .data               usb_prop.o
    0x20001032   0x00000002   PAD
    0x20001034   0x00000004   Data   RW         3347    .data               usb_pwr.o
    0x20001038   0x00000001   Data   RW         3348    .data               usb_pwr.o
    0x20001039   0x00000002   Data   RW         3349    .data               usb_pwr.o
    0x2000103b   0x00000001   PAD
    0x2000103c   0x00000004   Data   RW         3413    .data               usb_core.o
    0x20001040   0x00000001   Data   RW         3527    .data               usb_init.o
    0x20001041   0x00000003   PAD
    0x20001044   0x0000000c   Data   RW         3528    .data               usb_init.o
    0x20001050   0x00000002   Data   RW         3530    .data               usb_init.o
    0x20001052   0x00000004   Data   RW         3561    .data               usb_int.o
    0x20001056   0x00000016   Data   RW         4029    .data               usb_desc_hid.o
    0x2000106c   0x00000001   Data   RW         4069    .data               usb_prop_hid.o
    0x2000106d   0x00000003   PAD
    0x20001070   0x00000094   Data   RW         4070    .data               usb_prop_hid.o
    0x20001104   0x00000001   Data   RW         4194    .data               HSC32K1_Base.lib(magdecode.o)
    0x20001105   0x00000003   PAD
    0x20001108   0x00000004   Data   RW         4229    .data               mc_w.l(rand.o)
    0x2000110c   0x00000004   Data   RW         4526    .data               mc_w.l(stdout.o)
    0x20001110   0x00000030   Zero   RW           14    .bss                main.o
    0x20001140   0x00000024   Zero   RW           15    .bss                main.o
    0x20001164   0x000000db   Zero   RW          309    .bss                app.o
    0x2000123f   0x00000001   PAD
    0x20001240   0x00000990   Zero   RW         1053    .bss                dev_msread.o
    0x20001bd0   0x00000641   Zero   RW         3069    .bss                usb_endp.o
    0x20002211   0x000000b7   Zero   RW         3213    .bss                usb_prop.o
    0x200022c8   0x0000001c   Zero   RW         3526    .bss                usb_init.o
    0x200022e4   0x00000052   Zero   RW         4068    .bss                usb_prop_hid.o
    0x20002336   0x00001a43   Zero   RW         4192    .bss                HSC32K1_Base.lib(magdecode.o)
    0x20003d79   0x00000007   PAD
    0x20003d80   0x00000400   Zero   RW         2936    STACK               startup_stm32f10x_md.o


==============================================================================

Image component sizes


      Code (inc. data)   RO Data    RW Data    ZI Data      Debug   Object Name

      2882         52       7208       3072          0       5552   aes.o
      6210        314         28         19        219      40588   app.o
      2116         38          0        512          0       8035   des.o
       174          0          0          0          0       2257   dev_eprom.o
      3798        112          0          0       2448       5793   dev_msread.o
       184          4          0          0          0       1128   dev_timer.o
        36          6          0          4          0       2513   dev_uart.o
      1176         70          0          3          0       8724   dukpt.o
       296         28          0          0          0       7300   hw_config.o
        40          8          0          0          0        515   ini.o
       792         54          0          4         84     260151   main.o
       140         28          0          0          0       1881   misc.o
      2790         36         64          0          0       5292   sha1.o
        36          8        236          0       1024        808   startup_stm32f10x_md.o
       156         14          0          0          0       2012   stm32f10x_exti.o
       256         30          0          0          0       5011   stm32f10x_flash.o
       220          6          0          0          0       3830   stm32f10x_gpio.o
       722         70          0         20          0      12378   stm32f10x_it.o
        68         30          0          0          0       2366   stm32f10x_iwdg.o
        36          8          0          0          0       1008   stm32f10x_pwr.o
        60         18          0          0          0       1557   stm32f10x_rcc.o
        64         16          0          0          0       1512   stm32f10x_rtc.o
       228         42          0          0          0       4573   stm32f10x_tim.o
        22          0          0          0          0       2447   stm32f10x_usart.o
       252         30          0          0          0       1601   system_stm32f10x.o
      2154        276          0          4          0      14007   usb_core.o
         0          0        152         22          0       1448   usb_desc.o
         0          0        179         22          0       1105   usb_desc_hid.o
       476         48          0        268       1601       4954   usb_endp.o
        40         18          0         15         28       4074   usb_init.o
       336         26          0          4          0       1612   usb_int.o
       216         22          0         60          0       1472   usb_istr.o
        72         12          0          0          0       1548   usb_mem.o
       806        152          0        158        183      13664   usb_prop.o
       806        166          0        149         82      11695   usb_prop_hid.o
       232         34          0          7          0       3458   usb_pwr.o
       526        100          0          0          0       8462   usb_regs.o
        70          8          0          0          0       1395   usb_sil.o
        76          0          0          0          0       1726   utilities.o

    ----------------------------------------------------------------------
     28592       1884       7899       4356       5670     459452   Object Totals
         0          0         32          0          0          0   (incl. Generated)
        28          0          0         13          1          0   (incl. Padding)

    ----------------------------------------------------------------------

      Code (inc. data)   RO Data    RW Data    ZI Data      Debug   Library Member Name

      5100        182         16          1       6723      15310   magdecode.o
       220         16          0          0          0         84   ceil.o
        96          0          0          0          0          0   __dclz77c.o
         0          0          0          0          0          0   entry.o
         0          0          0          0          0          0   entry10a.o
         0          0          0          0          0          0   entry11a.o
         8          4          0          0          0          0   entry2.o
         4          0          0          0          0          0   entry5.o
         0          0          0          0          0          0   entry7b.o
         0          0          0          0          0          0   entry8b.o
         8          4          0          0          0          0   entry9a.o
        30          0          0          0          0          0   handlers.o
        36          8          0          0          0         68   init.o
         0          0          0          0          0          0   iusefp.o
        30          0          0          0          0         68   llshl.o
        36          0          0          0          0         68   llsshr.o
        32          0          0          0          0         68   llushr.o
        26          0          0          0          0         80   memcmp.o
        36          0          0          0          0         68   memcpya.o
        36          0          0          0          0        108   memseta.o
      2242         90          0          0          0        444   printfa.o
        36         10          0          4          0        136   rand.o
         0          0          0          4          0          0   stdout.o
        14          0          0          0          0         68   strlen.o
        44          0          0          0          0         80   uidiv.o
        98          0          0          0          0         92   uldiv.o
        40          2          0          0          0         68   cdrcmple.o
       334          0          0          0          0        148   dadd.o
       222          0          0          0          0        100   ddiv.o
       190          0          0          0          0        176   depilogue.o
        50          0          0          0          0         76   dfixui.o
        48          0          0          0          0         68   dfixul.o
        34          0          0          0          0         76   dflti.o
        26          0          0          0          0         76   dfltui.o
       228          0          0          0          0         96   dmul.o
        46          0          0          0          0         80   dscalb.o

    ----------------------------------------------------------------------
      9352        316         17         12       6730      17706   Library Totals
         2          0          1          3          7          0   (incl. Padding)

    ----------------------------------------------------------------------

      Code (inc. data)   RO Data    RW Data    ZI Data      Debug   Library Name

      5100        182         16          1       6723      15310   HSC32K1_Base.lib
       220         16          0          0          0         84   m_ws.l
      2812        116          0          8          0       1348   mc_w.l
      1218          2          0          0          0        964   mf_w.l

    ----------------------------------------------------------------------
      9352        316         17         12       6730      17706   Library Totals

    ----------------------------------------------------------------------

==============================================================================


      Code (inc. data)   RO Data    RW Data    ZI Data      Debug   

     37944       2200       7916       4368      12400     464418   Grand Totals
     37944       2200       7916       4024      12400     464418   ELF Image Totals (compressed)
     37944       2200       7916       4024          0          0   ROM Totals

==============================================================================

    Total RO  Size (Code + RO Data)                45860 (  44.79kB)
    Total RW  Size (RW Data + ZI Data)             16768 (  16.38kB)
    Total ROM Size (Code + RO Data + RW Data)      49884 (  48.71kB)

==============================================================================

