<html>
<body>
<pre>
<h1>µVision Build Log</h1>
<h2>Project:</h2>
E:\PFProject\12.handover\workhandover\M301_Source_Project\M301_STM32_APP_181026_beta\M301_STM32_APP_181026_beta\MDK\Magcard_APP.uvproj
Project File Date:  10/25/2018

<h2>Output:</h2>
Build target 'Magcard_APP'
compiling main.c...
compiling aes.c...
compiling app.c...
compiling des.c...
compiling dukpt.c...
compiling sha1.c...
compiling utilities.c...
compiling ini.c...
compiling dev_eprom.c...
compiling dev_timer.c...
compiling dev_uart.c...
compiling stm32f10x_it.c...
compiling dev_msread.c...
..\dev\dev_msread.c(41): warning:  #186-D: pointless comparison of unsigned integer with zero
                if(*str2 >= 0)
..\dev\dev_msread.c(46): warning:  #188-D: enumerated type mixed with another type
                hashtable[index] = 1;
..\dev\dev_msread.c(55): warning:  #186-D: pointless comparison of unsigned integer with zero
                if(*pFast >= 0)
..\dev\dev_msread.c: 3 warnings, 0 errors
compiling misc.c...
compiling stm32f10x_exti.c...
compiling stm32f10x_flash.c...
compiling stm32f10x_gpio.c...
compiling stm32f10x_pwr.c...
compiling stm32f10x_rcc.c...
compiling stm32f10x_spi.c...
compiling stm32f10x_tim.c...
compiling stm32f10x_usart.c...
compiling stm32f10x_iwdg.c...
compiling stm32f10x_rtc.c...
compiling stm32f10x_bkp.c...
compiling core_cm3.c...
compiling system_stm32f10x.c...
assembling startup_stm32f10x_md.s...
compiling hw_config.c...
compiling usb_desc.c...
compiling usb_endp.c...
compiling usb_istr.c...
compiling usb_prop.c...
compiling usb_pwr.c...
compiling usb_core.c...
compiling usb_init.c...
compiling usb_int.c...
compiling usb_mem.c...
compiling usb_regs.c...
compiling usb_sil.c...
compiling usb_desc_hid.c...
compiling usb_prop_hid.c...
linking...
Program Size: Code=37944 RO-data=7916 RW-data=4368 ZI-data=12400  
FromELF: creating hex file...
After Build - User command #1: fromelf.exe --bin -o obj\BinaryOutput\Magcard.bin obj\Magcard.axf
".\obj\Magcard.axf" - 0 Error(s), 3 Warning(s).
</pre>
</body>
</html>
